Archive member included to satisfy reference by file (symbol)

c:/nxp/mcuxpressoide_11.1.1_3241/ide/plugins/com.nxp.mcuxpresso.tools.win32_11.1.0.202001081728/tools/bin/../lib/gcc/arm-none-eabi/8.3.1/../../../../arm-none-eabi/lib/thumb/v6-m/nofp\libcr_semihost_nf.a(_cr__main.o)
                              ./startup/startup_mkl46z4.o (__main)
c:/nxp/mcuxpressoide_11.1.1_3241/ide/plugins/com.nxp.mcuxpresso.tools.win32_11.1.0.202001081728/tools/bin/../lib/gcc/arm-none-eabi/8.3.1/../../../../arm-none-eabi/lib/thumb/v6-m/nofp\libcr_semihost_nf.a(_cr_assert.o)
                              ./utilities/fsl_debug_console.o (__assertion_failed)
c:/nxp/mcuxpressoide_11.1.1_3241/ide/plugins/com.nxp.mcuxpresso.tools.win32_11.1.0.202001081728/tools/bin/../lib/gcc/arm-none-eabi/8.3.1/../../../../arm-none-eabi/lib/thumb/v6-m/nofp\libcr_semihost_nf.a(__ciob.o)
                              c:/nxp/mcuxpressoide_11.1.1_3241/ide/plugins/com.nxp.mcuxpresso.tools.win32_11.1.0.202001081728/tools/bin/../lib/gcc/arm-none-eabi/8.3.1/../../../../arm-none-eabi/lib/thumb/v6-m/nofp\libcr_semihost_nf.a(_cr_assert.o) (__Ciob)
c:/nxp/mcuxpressoide_11.1.1_3241/ide/plugins/com.nxp.mcuxpresso.tools.win32_11.1.0.202001081728/tools/bin/../lib/gcc/arm-none-eabi/8.3.1/../../../../arm-none-eabi/lib/thumb/v6-m/nofp\libcr_semihost_nf.a(__sys_appexit.o)
                              c:/nxp/mcuxpressoide_11.1.1_3241/ide/plugins/com.nxp.mcuxpresso.tools.win32_11.1.0.202001081728/tools/bin/../lib/gcc/arm-none-eabi/8.3.1/../../../../arm-none-eabi/lib/thumb/v6-m/nofp\libcr_semihost_nf.a(_cr_assert.o) (__sys_appexit)
c:/nxp/mcuxpressoide_11.1.1_3241/ide/plugins/com.nxp.mcuxpresso.tools.win32_11.1.0.202001081728/tools/bin/../lib/gcc/arm-none-eabi/8.3.1/../../../../arm-none-eabi/lib/thumb/v6-m/nofp\libcr_c.a(memcpy.o)
                              ./drivers/fsl_ftfx_cache.o (memcpy)
c:/nxp/mcuxpressoide_11.1.1_3241/ide/plugins/com.nxp.mcuxpresso.tools.win32_11.1.0.202001081728/tools/bin/../lib/gcc/arm-none-eabi/8.3.1/../../../../arm-none-eabi/lib/thumb/v6-m/nofp\libcr_c.a(memset.o)
                              ./drivers/fsl_ftfx_cache.o (memset)
c:/nxp/mcuxpressoide_11.1.1_3241/ide/plugins/com.nxp.mcuxpresso.tools.win32_11.1.0.202001081728/tools/bin/../lib/gcc/arm-none-eabi/8.3.1/../../../../arm-none-eabi/lib/thumb/v6-m/nofp\libcr_c.a(_deferredlazyseek.o)
                              c:/nxp/mcuxpressoide_11.1.1_3241/ide/plugins/com.nxp.mcuxpresso.tools.win32_11.1.0.202001081728/tools/bin/../lib/gcc/arm-none-eabi/8.3.1/../../../../arm-none-eabi/lib/thumb/v6-m/nofp\libcr_semihost_nf.a(_cr_assert.o) (__flsbuf)
c:/nxp/mcuxpressoide_11.1.1_3241/ide/plugins/com.nxp.mcuxpresso.tools.win32_11.1.0.202001081728/tools/bin/../lib/gcc/arm-none-eabi/8.3.1/../../../../arm-none-eabi/lib/thumb/v6-m/nofp\libcr_c.a(_fflush.o)
                              c:/nxp/mcuxpressoide_11.1.1_3241/ide/plugins/com.nxp.mcuxpresso.tools.win32_11.1.0.202001081728/tools/bin/../lib/gcc/arm-none-eabi/8.3.1/../../../../arm-none-eabi/lib/thumb/v6-m/nofp\libcr_c.a(_deferredlazyseek.o) (_fflush)
c:/nxp/mcuxpressoide_11.1.1_3241/ide/plugins/com.nxp.mcuxpresso.tools.win32_11.1.0.202001081728/tools/bin/../lib/gcc/arm-none-eabi/8.3.1/../../../../arm-none-eabi/lib/thumb/v6-m/nofp\libcr_c.a(_writebuf.o)
                              c:/nxp/mcuxpressoide_11.1.1_3241/ide/plugins/com.nxp.mcuxpresso.tools.win32_11.1.0.202001081728/tools/bin/../lib/gcc/arm-none-eabi/8.3.1/../../../../arm-none-eabi/lib/thumb/v6-m/nofp\libcr_c.a(_deferredlazyseek.o) (_Cwritebuf)
c:/nxp/mcuxpressoide_11.1.1_3241/ide/plugins/com.nxp.mcuxpresso.tools.win32_11.1.0.202001081728/tools/bin/../lib/gcc/arm-none-eabi/8.3.1/../../../../arm-none-eabi/lib/thumb/v6-m/nofp\libcr_c.a(alloc.o)
                              ./source/ringBuffer.o (malloc)
c:/nxp/mcuxpressoide_11.1.1_3241/ide/plugins/com.nxp.mcuxpresso.tools.win32_11.1.0.202001081728/tools/bin/../lib/gcc/arm-none-eabi/8.3.1/../../../../arm-none-eabi/lib/thumb/v6-m/nofp\libcr_c.a(fputs.o)
                              c:/nxp/mcuxpressoide_11.1.1_3241/ide/plugins/com.nxp.mcuxpresso.tools.win32_11.1.0.202001081728/tools/bin/../lib/gcc/arm-none-eabi/8.3.1/../../../../arm-none-eabi/lib/thumb/v6-m/nofp\libcr_semihost_nf.a(_cr_assert.o) (fputs)
c:/nxp/mcuxpressoide_11.1.1_3241/ide/plugins/com.nxp.mcuxpresso.tools.win32_11.1.0.202001081728/tools/bin/../lib/gcc/arm-none-eabi/8.3.1/../../../../arm-none-eabi/lib/thumb/v6-m/nofp\libcr_c.a(fseek.o)
                              c:/nxp/mcuxpressoide_11.1.1_3241/ide/plugins/com.nxp.mcuxpresso.tools.win32_11.1.0.202001081728/tools/bin/../lib/gcc/arm-none-eabi/8.3.1/../../../../arm-none-eabi/lib/thumb/v6-m/nofp\libcr_c.a(_deferredlazyseek.o) (fseek)
c:/nxp/mcuxpressoide_11.1.1_3241/ide/plugins/com.nxp.mcuxpresso.tools.win32_11.1.0.202001081728/tools/bin/../lib/gcc/arm-none-eabi/8.3.1/../../../../arm-none-eabi/lib/thumb/v6-m/nofp\libcr_c.a(ftell.o)
[...]
Memory Configuration

Name             Origin             Length             Attributes
PROGRAM_FLASH    0x00000000         0x00040000         xr
SRAM             0x1fffe000         0x00008000         xrw
*default*        0x00000000         0xffffffff

Linker script and memory map

LOAD ./utilities/fsl_assert.o
LOAD ./utilities/fsl_debug_console.o
LOAD ./utilities/fsl_io.o
LOAD ./utilities/fsl_log.o
LOAD ./utilities/fsl_str.o
LOAD ./startup/startup_mkl46z4.o
LOAD ./source/SD2_board.o
LOAD ./source/ejemploUartRB.o
LOAD ./source/mtb.o
LOAD ./source/ringBuffer.o
LOAD ./source/semihost_hardfault.o
LOAD ./source/uart_ringBufer.o
LOAD ./drivers/fsl_clock.o
LOAD ./drivers/fsl_common.o
LOAD ./drivers/fsl_ftfx_cache.o
LOAD ./drivers/fsl_ftfx_controller.o
LOAD ./drivers/fsl_ftfx_flash.o
LOAD ./drivers/fsl_ftfx_flexnvm.o
LOAD ./drivers/fsl_gpio.o
LOAD ./drivers/fsl_lpsci.o
LOAD ./drivers/fsl_smc.o
LOAD ./drivers/fsl_uart.o
LOAD ./board/src/board.o
LOAD ./board/src/clock_config.o
LOAD ./board/peripherals.o
LOAD ./board/pin_mux.o
LOAD ./CMSIS/system_MKL46Z4.o
START GROUP
LOAD c:/nxp/mcuxpressoide_11.1.1_3241/ide/plugins/com.nxp.mcuxpresso.tools.win32_11.1.0.202001081728/tools/bin/../lib/gcc/arm-none-eabi/8.3.1/../../../../arm-none-eabi/lib/thumb/v6-m/nofp\libcr_semihost_nf.a
LOAD c:/nxp/mcuxpressoide_11.1.1_3241/ide/plugins/com.nxp.mcuxpresso.tools.win32_11.1.0.202001081728/tools/bin/../lib/gcc/arm-none-eabi/8.3.1/../../../../arm-none-eabi/lib/thumb/v6-m/nofp\libcr_c.a
LOAD c:/nxp/mcuxpressoide_11.1.1_3241/ide/plugins/com.nxp.mcuxpresso.tools.win32_11.1.0.202001081728/tools/bin/../lib/gcc/arm-none-eabi/8.3.1/thumb/v6-m/nofp\libcr_eabihelpers.a
LOAD c:/nxp/mcuxpressoide_11.1.1_3241/ide/plugins/com.nxp.mcuxpresso.tools.win32_11.1.0.202001081728/tools/bin/../lib/gcc/arm-none-eabi/8.3.1/thumb/v6-m/nofp\libgcc.a
END GROUP
                0x00000000                __base_PROGRAM_FLASH = 0x0
                0x00000000                __base_Flash = 0x0
                0x00040000                __top_PROGRAM_FLASH = 0x40000
                0x00040000                __top_Flash = 0x40000
                0x1fffe000                __base_SRAM = 0x1fffe000
                0x1fffe000                __base_RAM = 0x1fffe000
                0x20006000                __top_SRAM = 0x20006000
                0x20006000                __top_RAM = 0x20006000

.text           0x00000000     0x292c
 FILL mask 0xff
                0x00000000                __vectors_start__ = ABSOLUTE (.)
 *(SORT_BY_ALIGNMENT(.isr_vector))
 .isr_vector    0x00000000       0xc0 ./startup/startup_mkl46z4.o
                0x00000000                g_pfnVectors
                0x00000000                __Vectors
                0x000000c0                . = ALIGN (0x4)
                0x000000c0                __section_table_start = .
                0x000000c0                __data_section_table = .
                0x000000c0        0x4 LONG 0x292c LOADADDR (.data)
                0x000000c4        0x4 LONG 0x1fffe080 ADDR (.data)
                0x000000c8        0x4 LONG 0xc SIZEOF (.data)
                0x000000cc                __data_section_table_end = .
                0x000000cc                __bss_section_table = .
                0x000000cc        0x4 LONG 0x1fffe08c ADDR (.bss)
                0x000000d0        0x4 LONG 0x104 SIZEOF (.bss)
                0x000000d4                __bss_section_table_end = .
                0x000000d4                __section_table_end = .
 *(SORT_BY_ALIGNMENT(.after_vectors*))
 .after_vectors.reset
                0x000000d4       0x4c ./startup/startup_mkl46z4.o
                0x000000d4                ResetISR
 .after_vectors.init_data
                0x00000120       0x12 ./startup/startup_mkl46z4.o
                0x00000120                data_init
 .after_vectors.init_bss
                0x00000132       0x10 ./startup/startup_mkl46z4.o
                0x00000132                bss_init
 .after_vectors
                0x00000142      0x10c ./startup/startup_mkl46z4.o
                0x00000142                NMI_Handler
                0x00000146                SVC_Handler
                0x00000148                PendSV_Handler
                0x0000014a                SysTick_Handler
                0x0000014c                I2C0_DriverIRQHandler
                0x0000014c                PORTC_PORTD_DriverIRQHandler
                0x0000014c                SPI1_DriverIRQHandler
                0x0000014c                LPTMR0_DriverIRQHandler
                0x0000014c                DMA0_DriverIRQHandler
                0x0000014c                DMA2_DriverIRQHandler
                0x0000014c                CMP0_DriverIRQHandler
                0x0000014c                I2S0_DriverIRQHandler
                0x0000014c                ADC0_DriverIRQHandler
                0x0000014c                SPI0_DriverIRQHandler
                0x0000014c                TPM2_DriverIRQHandler
                0x0000014c                I2C1_DriverIRQHandler
                0x0000014c                Reserved20_DriverIRQHandler
                0x0000014c                DMA1_DriverIRQHandler
                0x0000014c                TSI0_DriverIRQHandler
                0x0000014c                RTC_Seconds_DriverIRQHandler
                0x0000014c                PIT_DriverIRQHandler
                0x0000014c                LLWU_DriverIRQHandler
                0x0000014c                MCG_DriverIRQHandler
                0x0000014c                LCD_DriverIRQHandler
                0x0000014c                RTC_DriverIRQHandler
                0x0000014c                FTFA_DriverIRQHandler
                0x0000014c                IntDefaultHandler
                0x0000014c                USB0_DriverIRQHandler
                0x0000014c                DAC0_DriverIRQHandler
                0x0000014c                LVD_LVW_DriverIRQHandler
                0x0000014c                TPM0_DriverIRQHandler
                0x0000014c                TPM1_DriverIRQHandler
                0x0000014c                PORTA_DriverIRQHandler
                0x0000014c                DMA3_DriverIRQHandler
                0x0000014e                DMA0_IRQHandler
                0x00000156                DMA1_IRQHandler
                0x0000015e                DMA2_IRQHandler
                0x00000166                DMA3_IRQHandler
                0x0000016e                Reserved20_IRQHandler
                0x00000176                FTFA_IRQHandler
                0x0000017e                LVD_LVW_IRQHandler
                0x00000186                LLWU_IRQHandler
                0x0000018e                I2C0_IRQHandler
                0x00000196                I2C1_IRQHandler
                0x0000019e                SPI0_IRQHandler
                0x000001a6                SPI1_IRQHandler
                0x000001b6                UART1_IRQHandler
                0x000001be                UART2_IRQHandler
                0x000001c6                ADC0_IRQHandler
                0x000001ce                CMP0_IRQHandler
                0x000001d6                TPM0_IRQHandler
                0x000001de                TPM1_IRQHandler
                0x000001e6                TPM2_IRQHandler
                0x000001ee                RTC_IRQHandler
                0x000001f6                RTC_Seconds_IRQHandler
                0x000001fe                PIT_IRQHandler
                0x00000206                I2S0_IRQHandler
                0x0000020e                USB0_IRQHandler
                0x00000216                DAC0_IRQHandler
                0x0000021e                TSI0_IRQHandler
                0x00000226                MCG_IRQHandler
                0x0000022e                LPTMR0_IRQHandler
                0x00000236                LCD_IRQHandler
                0x0000023e                PORTA_IRQHandler
                0x00000246                PORTC_PORTD_IRQHandler
                0x00000400                . = 0x400
 *fill*         0x0000024e      0x1b2 ff
                0x00000400                PROVIDE (__FLASH_CONFIG_START__ = .)
 *(SORT_BY_ALIGNMENT(.FlashConfig))
 .FlashConfig   0x00000400       0x10 ./startup/startup_mkl46z4.o
                0x00000400                Flash_Config
                0x00000410                PROVIDE (__FLASH_CONFIG_END__ = .)
                0x00000001                ASSERT (! ((__FLASH_CONFIG_START__ == __FLASH_CONFIG_END__)), Linker Flash Config Support Enabled, but no .FlashConfig section provided within application)
 *(SORT_BY_ALIGNMENT(.text*))
 .text.CLOCK_EnableClock
                0x00000410       0x34 ./source/SD2_board.o
 .text.PORT_SetPinConfig
                0x00000444       0x38 ./source/SD2_board.o
 .text.board_init
                0x0000047c      0x178 ./source/SD2_board.o
                0x0000047c                board_init
 .text.board_setLed
                0x000005f4       0xd4 ./source/SD2_board.o
                0x000005f4                board_setLed
 .text.mefPrincipal
                0x000006c8       0xe0 ./source/ejemploUartRB.o
                0x000006c8                mefPrincipal
 .text.HardFault_Handler
                0x000007a8       0x30 ./source/semihost_hardfault.o
                0x000007a8                HardFault_Handler
 .text.__NVIC_EnableIRQ
                0x000007d8       0x34 ./source/uart_ringBufer.o
 .text.__NVIC_DisableIRQ
                0x0000080c       0x40 ./source/uart_ringBufer.o
 .text.CLOCK_SetLpsci0Clock
                0x0000084c       0x38 ./source/uart_ringBufer.o
 .text.PORT_SetPinMux
                0x00000884       0x40 ./source/uart_ringBufer.o
 .text.uart_ringBuffer_init
                0x000008c4       0xb0 ./source/uart_ringBufer.o
                0x000008c4                uart_ringBuffer_init
 .text.uart_ringBuffer_recDatos
                0x00000974       0x60 ./source/uart_ringBufer.o
                0x00000974                uart_ringBuffer_recDatos
 .text.UART0_IRQHandler
                0x000009d4       0xb0 ./source/uart_ringBufer.o
                0x000009d4                UART0_IRQHandler
 .text.CLOCK_SetEr32kClock
                0x00000a84       0x34 ./drivers/fsl_clock.o
 .text.CLOCK_SetPllFllSelClock
                0x00000ab8       0x38 ./drivers/fsl_clock.o
 .text.CLOCK_GetMcgExtClkFreq
                0x00000af0       0x28 ./drivers/fsl_clock.o
 .text.CLOCK_GetFllExtRefClkFreq
                0x00000b18       0xa4 ./drivers/fsl_clock.o
 .text.CLOCK_GetInternalRefClkSelectFreq
                0x00000bbc       0x40 ./drivers/fsl_clock.o
 .text.CLOCK_GetFllRefClkFreq
                0x00000bfc       0x2c ./drivers/fsl_clock.o
 .text.CLOCK_GetOscRangeFromFreq
                0x00000c28       0x4c ./drivers/fsl_clock.o
 .text.CLOCK_GetOsc0ErClkFreq
                0x00000c74       0x3c ./drivers/fsl_clock.o
                0x00000c74                CLOCK_GetOsc0ErClkFreq
 .text.CLOCK_GetEr32kClkFreq
                0x00000cb0       0x74 ./drivers/fsl_clock.o
                0x00000cb0                CLOCK_GetEr32kClkFreq
 .text.CLOCK_GetPllFllSelClkFreq
                0x00000d24       0x4c ./drivers/fsl_clock.o
                0x00000d24                CLOCK_GetPllFllSelClkFreq
 .text.CLOCK_GetFreq
                0x00000d70       0xe0 ./drivers/fsl_clock.o
                0x00000d70                CLOCK_GetFreq
 .text.CLOCK_SetSimConfig
                0x00000e50       0x38 ./drivers/fsl_clock.o
                0x00000e50                CLOCK_SetSimConfig
 .text.CLOCK_GetOutClkFreq
                0x00000e88       0x68 ./drivers/fsl_clock.o
                0x00000e88                CLOCK_GetOutClkFreq
 .text.CLOCK_GetFllFreq
                0x00000ef0       0x84 ./drivers/fsl_clock.o
                0x00000ef0                CLOCK_GetFllFreq
 .text.CLOCK_GetInternalRefClkFreq
                0x00000f74       0x28 ./drivers/fsl_clock.o
                0x00000f74                CLOCK_GetInternalRefClkFreq
 .text.CLOCK_GetPll0Freq
                0x00000f9c       0x70 ./drivers/fsl_clock.o
                0x00000f9c                CLOCK_GetPll0Freq
 .text.CLOCK_SetInternalRefClkConfig
                0x0000100c      0x124 ./drivers/fsl_clock.o
                0x0000100c                CLOCK_SetInternalRefClkConfig
 .text.CLOCK_EnablePll0
                0x00001130       0x90 ./drivers/fsl_clock.o
                0x00001130                CLOCK_EnablePll0
 .text.CLOCK_InitOsc0
                0x000011c0       0x94 ./drivers/fsl_clock.o
                0x000011c0                CLOCK_InitOsc0
 .text.CLOCK_SetPbeMode
                0x00001254       0xb0 ./drivers/fsl_clock.o
                0x00001254                CLOCK_SetPbeMode
 .text.CLOCK_BootToPeeMode
                0x00001304       0x70 ./drivers/fsl_clock.o
                0x00001304                CLOCK_BootToPeeMode
 .text.GPIO_PinInit
                0x00001374       0x64 ./drivers/fsl_gpio.o
                0x00001374                GPIO_PinInit
 .text.CLOCK_EnableClock
                0x000013d8       0x34 ./drivers/fsl_lpsci.o
 .text.LPSCI_GetInstance
                0x0000140c       0x48 ./drivers/fsl_lpsci.o
                0x0000140c                LPSCI_GetInstance
 .text.LPSCI_Init
                0x00001454      0x270 ./drivers/fsl_lpsci.o
                0x00001454                LPSCI_Init
 .text.LPSCI_GetDefaultConfig
                0x000016c4       0x48 ./drivers/fsl_lpsci.o
                0x000016c4                LPSCI_GetDefaultConfig
 .text.LPSCI_EnableInterrupts
                0x0000170c       0x58 ./drivers/fsl_lpsci.o
                0x0000170c                LPSCI_EnableInterrupts
 .text.LPSCI_DisableInterrupts
                0x00001764       0x64 ./drivers/fsl_lpsci.o
                0x00001764                LPSCI_DisableInterrupts
 .text.LPSCI_GetEnabledInterrupts
                0x000017c8       0x38 ./drivers/fsl_lpsci.o
                0x000017c8                LPSCI_GetEnabledInterrupts
 .text.UART0_DriverIRQHandler
                0x00001800       0x24 ./drivers/fsl_lpsci.o
                0x00001800                UART0_DriverIRQHandler
 .text.UART1_DriverIRQHandler
                0x00001824       0x24 ./drivers/fsl_uart.o
                0x00001824                UART1_DriverIRQHandler
 .text.UART2_DriverIRQHandler
                0x00001848       0x24 ./drivers/fsl_uart.o
                0x00001848                UART2_DriverIRQHandler
 .text.CLOCK_SetSimSafeDivs
                0x0000186c       0x20 ./board/src/clock_config.o
 .text.CLOCK_SetXtal0Freq
                0x0000188c       0x1c ./board/src/clock_config.o
 .text.CLOCK_CONFIG_SetFllExtRefDiv
                0x000018a8       0x3c ./board/src/clock_config.o
 .text.BOARD_BootClockRUN
                0x000018e4       0x64 ./board/src/clock_config.o
                0x000018e4                BOARD_BootClockRUN
 .text.SystemInit
                0x00001948       0x1c ./CMSIS/system_MKL46Z4.o
                0x00001948                SystemInit
 .text.__assertion_failed
                0x00001964       0x4c c:/nxp/mcuxpressoide_11.1.1_3241/ide/plugins/com.nxp.mcuxpresso.tools.win32_11.1.0.202001081728/tools/bin/../lib/gcc/arm-none-eabi/8.3.1/../../../../arm-none-eabi/lib/thumb/v6-m/nofp\libcr_semihost_nf.a(_cr_assert.o)
                0x00001964                __assertion_failed
 .text.__sys_appexit
                0x000019b0        0xc c:/nxp/mcuxpressoide_11.1.1_3241/ide/plugins/com.nxp.mcuxpresso.tools.win32_11.1.0.202001081728/tools/bin/../lib/gcc/arm-none-eabi/8.3.1/../../../../arm-none-eabi/lib/thumb/v6-m/nofp\libcr_semihost_nf.a(__sys_appexit.o)
                0x000019b0                __sys_appexit
                0x000019b0                __exit
 .text._deferredlazyseek
                0x000019bc       0x40 c:/nxp/mcuxpressoide_11.1.1_3241/ide/plugins/com.nxp.mcuxpresso.tools.win32_11.1.0.202001081728/tools/bin/../lib/gcc/arm-none-eabi/8.3.1/../../../../arm-none-eabi/lib/thumb/v6-m/nofp\libcr_c.a(_deferredlazyseek.o)
                0x000019bc                _deferredlazyseek
 .text.__flsbuf
                0x000019fc      0x14c c:/nxp/mcuxpressoide_11.1.1_3241/ide/plugins/com.nxp.mcuxpresso.tools.win32_11.1.0.202001081728/tools/bin/../lib/gcc/arm-none-eabi/8.3.1/../../../../arm-none-eabi/lib/thumb/v6-m/nofp\libcr_c.a(_deferredlazyseek.o)
                0x000019fc                __flsbuf
 .text._fflush  0x00001b48       0x5c c:/nxp/mcuxpressoide_11.1.1_3241/ide/plugins/com.nxp.mcuxpresso.tools.win32_11.1.0.202001081728/tools/bin/../lib/gcc/arm-none-eabi/8.3.1/../../../../arm-none-eabi/lib/thumb/v6-m/nofp\libcr_c.a(_fflush.o)
                0x00001b48                _fflush
 .text._Cwritebuf
                0x00001ba4       0x68 c:/nxp/mcuxpressoide_11.1.1_3241/ide/plugins/com.nxp.mcuxpresso.tools.win32_11.1.0.202001081728/tools/bin/../lib/gcc/arm-none-eabi/8.3.1/../../../../arm-none-eabi/lib/thumb/v6-m/nofp\libcr_c.a(_writebuf.o)
                0x00001ba4                _Cwritebuf
 .text.malloc   0x00001c0c       0xcc c:/nxp/mcuxpressoide_11.1.1_3241/ide/plugins/com.nxp.mcuxpresso.tools.win32_11.1.0.202001081728/tools/bin/../lib/gcc/arm-none-eabi/8.3.1/../../../../arm-none-eabi/lib/thumb/v6-m/nofp\libcr_c.a(alloc.o)
                0x00001c0c                malloc
 .text._Csys_alloc
                0x00001cd8       0x20 c:/nxp/mcuxpressoide_11.1.1_3241/ide/plugins/com.nxp.mcuxpresso.tools.win32_11.1.0.202001081728/tools/bin/../lib/gcc/arm-none-eabi/8.3.1/../../../../arm-none-eabi/lib/thumb/v6-m/nofp\libcr_c.a(alloc.o)
                0x00001cd8                _Csys_alloc
 .text.fseek    0x00001cf8       0xf0 c:/nxp/mcuxpressoide_11.1.1_3241/ide/plugins/com.nxp.mcuxpresso.tools.win32_11.1.0.202001081728/tools/bin/../lib/gcc/arm-none-eabi/8.3.1/../../../../arm-none-eabi/lib/thumb/v6-m/nofp\libcr_c.a(fseek.o)
                0x00001cf8                fseek
 .text.ftell    0x00001de8       0x48 c:/nxp/mcuxpressoide_11.1.1_3241/ide/plugins/com.nxp.mcuxpresso.tools.win32_11.1.0.202001081728/tools/bin/../lib/gcc/arm-none-eabi/8.3.1/../../../../arm-none-eabi/lib/thumb/v6-m/nofp\libcr_c.a(ftell.o)
                0x00001de8                ftell
 .text._initio  0x00001e30       0x7c c:/nxp/mcuxpressoide_11.1.1_3241/ide/plugins/com.nxp.mcuxpresso.tools.win32_11.1.0.202001081728/tools/bin/../lib/gcc/arm-none-eabi/8.3.1/../../../../arm-none-eabi/lib/thumb/v6-m/nofp\libcr_c.a(initio.o)
                0x00001e30                _initio
 .text.setvbuf  0x00001eac       0x4c c:/nxp/mcuxpressoide_11.1.1_3241/ide/plugins/com.nxp.mcuxpresso.tools.win32_11.1.0.202001081728/tools/bin/../lib/gcc/arm-none-eabi/8.3.1/../../../../arm-none-eabi/lib/thumb/v6-m/nofp\libcr_c.a(setvbuf.o)
                0x00001eac                setvbuf
 .text.strlen   0x00001ef8       0x58 c:/nxp/mcuxpressoide_11.1.1_3241/ide/plugins/com.nxp.mcuxpresso.tools.win32_11.1.0.202001081728/tools/bin/../lib/gcc/arm-none-eabi/8.3.1/../../../../arm-none-eabi/lib/thumb/v6-m/nofp\libcr_c.a(strlen.o)
                0x00001ef8                strlen
 .text._sbrk    0x00001f50       0x40 c:/nxp/mcuxpressoide_11.1.1_3241/ide/plugins/com.nxp.mcuxpresso.tools.win32_11.1.0.202001081728/tools/bin/../lib/gcc/arm-none-eabi/8.3.1/../../../../arm-none-eabi/lib/thumb/v6-m/nofp\libcr_c.a(_cr_sbrk.o)
                0x00001f50                _sbrk
 .text._fdopen  0x00001f90       0x74 c:/nxp/mcuxpressoide_11.1.1_3241/ide/plugins/com.nxp.mcuxpresso.tools.win32_11.1.0.202001081728/tools/bin/../lib/gcc/arm-none-eabi/8.3.1/../../../../arm-none-eabi/lib/thumb/v6-m/nofp\libcr_c.a(_fdopen.o)
                0x00001f90                _fdopen
 .text.fclose   0x00002004       0x5c c:/nxp/mcuxpressoide_11.1.1_3241/ide/plugins/com.nxp.mcuxpresso.tools.win32_11.1.0.202001081728/tools/bin/../lib/gcc/arm-none-eabi/8.3.1/../../../../arm-none-eabi/lib/thumb/v6-m/nofp\libcr_c.a(fclose.o)
                0x00002004                fclose
 .text.fflush   0x00002060       0x44 c:/nxp/mcuxpressoide_11.1.1_3241/ide/plugins/com.nxp.mcuxpresso.tools.win32_11.1.0.202001081728/tools/bin/../lib/gcc/arm-none-eabi/8.3.1/../../../../arm-none-eabi/lib/thumb/v6-m/nofp\libcr_c.a(fflush.o)
                0x00002060                fflush
 .text.__check_heap_overflow
                0x000020a4       0x14 c:/nxp/mcuxpressoide_11.1.1_3241/ide/plugins/com.nxp.mcuxpresso.tools.win32_11.1.0.202001081728/tools/bin/../lib/gcc/arm-none-eabi/8.3.1/../../../../arm-none-eabi/lib/thumb/v6-m/nofp\libcr_c.a(_cr_check_heap.o)
                0x000020a4                __check_heap_overflow
 .text._do_fflush
                0x000020b8       0x44 c:/nxp/mcuxpressoide_11.1.1_3241/ide/plugins/com.nxp.mcuxpresso.tools.win32_11.1.0.202001081728/tools/bin/../lib/gcc/arm-none-eabi/8.3.1/../../../../arm-none-eabi/lib/thumb/v6-m/nofp\libcr_c.a(_do_fflush.o)
                0x000020b8                _do_fflush
 .text.GPIO_PortSet
                0x000020fc       0x18 ./source/SD2_board.o
 .text.GPIO_PortClear
                0x00002114       0x18 ./source/SD2_board.o
 .text.GPIO_PortToggle
                0x0000212c       0x18 ./source/SD2_board.o
 .text.main     0x00002144       0x16 ./source/ejemploUartRB.o
                0x00002144                main
 .text.ringBuffer_init
                0x0000215a       0x42 ./source/ringBuffer.o
                0x0000215a                ringBuffer_init
 .text.ringBuffer_putData
                0x0000219c       0x90 ./source/ringBuffer.o
                0x0000219c                ringBuffer_putData
 .text.ringBuffer_getData
                0x0000222c       0x6c ./source/ringBuffer.o
                0x0000222c                ringBuffer_getData
 .text.ringBuffer_isEmpty
                0x00002298       0x1e ./source/ringBuffer.o
                0x00002298                ringBuffer_isEmpty
 .text.EnableIRQ
                0x000022b6       0x30 ./source/uart_ringBufer.o
 .text.LPSCI_WriteByte
                0x000022e6       0x1e ./source/uart_ringBufer.o
 .text.LPSCI_ReadByte
                0x00002304       0x16 ./source/uart_ringBufer.o
 .text.OSC_SetExtRefClkConfig
                0x0000231a       0x3e ./drivers/fsl_clock.o
 .text.OSC_SetCapLoad
                0x00002358       0x42 ./drivers/fsl_clock.o
 .text.CLOCK_GetPll0RefFreq
                0x0000239a       0x10 ./drivers/fsl_clock.o
 .text.CLOCK_GetFixedFreqClkFreq
                0x000023aa       0x30 ./drivers/fsl_clock.o
                0x000023aa                CLOCK_GetFixedFreqClkFreq
 .text.CLOCK_SetExternalRefClkConfig
                0x000023da       0x16 ./drivers/fsl_clock.o
                0x000023da                CLOCK_SetExternalRefClkConfig
 .text.GPIO_PinWrite
                0x000023f0       0x34 ./drivers/fsl_gpio.o
 .text.GPIO_WritePinOutput
                0x00002424       0x24 ./drivers/fsl_gpio.o
 .text.LPSCI_GetStatusFlags
                0x00002448       0x26 ./drivers/fsl_lpsci.o
                0x00002448                LPSCI_GetStatusFlags
 .text.SystemInitHook
                0x0000246e        0xa ./CMSIS/system_MKL46Z4.o
                0x0000246e                SystemInitHook
 .text.__main   0x00002478        0xc c:/nxp/mcuxpressoide_11.1.1_3241/ide/plugins/com.nxp.mcuxpresso.tools.win32_11.1.0.202001081728/tools/bin/../lib/gcc/arm-none-eabi/8.3.1/../../../../arm-none-eabi/lib/thumb/v6-m/nofp\libcr_semihost_nf.a(_cr__main.o)
                0x00002478                __CR_SEMIHOST
                0x00002478                __main
 .text.memset   0x00002484        0x8 c:/nxp/mcuxpressoide_11.1.1_3241/ide/plugins/com.nxp.mcuxpresso.tools.win32_11.1.0.202001081728/tools/bin/../lib/gcc/arm-none-eabi/8.3.1/../../../../arm-none-eabi/lib/thumb/v6-m/nofp\libcr_c.a(memset.o)
                0x00002484                memset
 .text.free     0x0000248c       0x2c c:/nxp/mcuxpressoide_11.1.1_3241/ide/plugins/com.nxp.mcuxpresso.tools.win32_11.1.0.202001081728/tools/bin/../lib/gcc/arm-none-eabi/8.3.1/../../../../arm-none-eabi/lib/thumb/v6-m/nofp\libcr_c.a(alloc.o)
                0x0000248c                free
 .text.fputs    0x000024b8       0x2e c:/nxp/mcuxpressoide_11.1.1_3241/ide/plugins/com.nxp.mcuxpresso.tools.win32_11.1.0.202001081728/tools/bin/../lib/gcc/arm-none-eabi/8.3.1/../../../../arm-none-eabi/lib/thumb/v6-m/nofp\libcr_c.a(fputs.o)
                0x000024b8                fputs
 .text.remove   0x000024e6       0x12 c:/nxp/mcuxpressoide_11.1.1_3241/ide/plugins/com.nxp.mcuxpresso.tools.win32_11.1.0.202001081728/tools/bin/../lib/gcc/arm-none-eabi/8.3.1/../../../../arm-none-eabi/lib/thumb/v6-m/nofp\libcr_c.a(remove.o)
                0x000024e6                remove
 .text.__aeabi_division_idivmod
                0x000024f8       0x78 c:/nxp/mcuxpressoide_11.1.1_3241/ide/plugins/com.nxp.mcuxpresso.tools.win32_11.1.0.202001081728/tools/bin/../lib/gcc/arm-none-eabi/8.3.1/thumb/v6-m/nofp\libcr_eabihelpers.a(division_32.o)
                0x000024f8                __aeabi_idivmod
                0x000024f8                __aeabi_idiv
                0x000024fe                __aeabi_uidivmod
                0x000024fe                __aeabi_uidiv
 .text.__aeabi_division_idiv0
                0x00002570        0x2 c:/nxp/mcuxpressoide_11.1.1_3241/ide/plugins/com.nxp.mcuxpresso.tools.win32_11.1.0.202001081728/tools/bin/../lib/gcc/arm-none-eabi/8.3.1/thumb/v6-m/nofp\libcr_eabihelpers.a(division_idiv0.o)
                0x00002570                __aeabi_idiv0
 .text.__aeabi_memset_lowlevel
                0x00002572       0x2a c:/nxp/mcuxpressoide_11.1.1_3241/ide/plugins/com.nxp.mcuxpresso.tools.win32_11.1.0.202001081728/tools/bin/../lib/gcc/arm-none-eabi/8.3.1/thumb/v6-m/nofp\libcr_eabihelpers.a(memcpy.o)
                0x00002572                __aeabi_lowlevel_memset
 .text.__sys_close
                0x0000259c        0xc c:/nxp/mcuxpressoide_11.1.1_3241/ide/plugins/com.nxp.mcuxpresso.tools.win32_11.1.0.202001081728/tools/bin/../lib/gcc/arm-none-eabi/8.3.1/../../../../arm-none-eabi/lib/thumb/v6-m/nofp\libcr_semihost_nf.a(__sys_close.o)
                0x0000259c                __sys_close
 .text.__sys_flen
                0x000025a8        0xc c:/nxp/mcuxpressoide_11.1.1_3241/ide/plugins/com.nxp.mcuxpresso.tools.win32_11.1.0.202001081728/tools/bin/../lib/gcc/arm-none-eabi/8.3.1/../../../../arm-none-eabi/lib/thumb/v6-m/nofp\libcr_semihost_nf.a(__sys_flen.o)
                0x000025a8                __sys_flen
 .text.__sys_istty
                0x000025b4        0xc c:/nxp/mcuxpressoide_11.1.1_3241/ide/plugins/com.nxp.mcuxpresso.tools.win32_11.1.0.202001081728/tools/bin/../lib/gcc/arm-none-eabi/8.3.1/../../../../arm-none-eabi/lib/thumb/v6-m/nofp\libcr_semihost_nf.a(__sys_istty.o)
                0x000025b4                __sys_istty
 .text.__sys_remove
                0x000025c0        0xc c:/nxp/mcuxpressoide_11.1.1_3241/ide/plugins/com.nxp.mcuxpresso.tools.win32_11.1.0.202001081728/tools/bin/../lib/gcc/arm-none-eabi/8.3.1/../../../../arm-none-eabi/lib/thumb/v6-m/nofp\libcr_semihost_nf.a(__sys_remove.o)
                0x000025c0                __sys_remove
 .text.__sys_seek
                0x000025cc        0xc c:/nxp/mcuxpressoide_11.1.1_3241/ide/plugins/com.nxp.mcuxpresso.tools.win32_11.1.0.202001081728/tools/bin/../lib/gcc/arm-none-eabi/8.3.1/../../../../arm-none-eabi/lib/thumb/v6-m/nofp\libcr_semihost_nf.a(__sys_seek.o)
                0x000025cc                __sys_seek
 .text.__sys_tmpnam
                0x000025d8        0xc c:/nxp/mcuxpressoide_11.1.1_3241/ide/plugins/com.nxp.mcuxpresso.tools.win32_11.1.0.202001081728/tools/bin/../lib/gcc/arm-none-eabi/8.3.1/../../../../arm-none-eabi/lib/thumb/v6-m/nofp\libcr_semihost_nf.a(__sys_tmpnam.o)
                0x000025d8                __sys_tmpnam
 .text.__sys_write
                0x000025e4        0xc c:/nxp/mcuxpressoide_11.1.1_3241/ide/plugins/com.nxp.mcuxpresso.tools.win32_11.1.0.202001081728/tools/bin/../lib/gcc/arm-none-eabi/8.3.1/../../../../arm-none-eabi/lib/thumb/v6-m/nofp\libcr_semihost_nf.a(__sys_write.o)
                0x000025e4                __sys_write
 *(SORT_BY_ALIGNMENT(.rodata) SORT_BY_ALIGNMENT(.rodata.*) SORT_BY_ALIGNMENT(.constdata) SORT_BY_ALIGNMENT(.constdata.*))
 .rodata.PORT_SetPinConfig.str1.4
                0x000025f0       0x23 ./source/SD2_board.o
 *fill*         0x00002613        0x1 ff
 .rodata.board_gpioLeds
                0x00002614       0x18 ./source/SD2_board.o
 .rodata.board_gpioSw
                0x0000262c       0x18 ./source/SD2_board.o
 .rodata        0x00002644        0x2 ./source/SD2_board.o
 *fill*         0x00002646        0x2 ff
 .rodata.mefPrincipal
                0x00002648       0xc4 ./source/ejemploUartRB.o
 .rodata.CLOCK_GetMcgExtClkFreq.str1.4
                0x0000270c       0x1f ./drivers/fsl_clock.o
 *fill*         0x0000272b        0x1 ff
 .rodata.CLOCK_GetOsc0ErClkFreq.str1.4
                0x0000272c       0x1f ./drivers/fsl_clock.o
 *fill*         0x0000274b        0x1 ff
 .rodata.CLOCK_GetEr32kClkFreq.str1.4
                0x0000274c       0x20 ./drivers/fsl_clock.o
 .rodata.CLOCK_GetFreq
                0x0000276c       0x34 ./drivers/fsl_clock.o
 .rodata.CLOCK_GetPll0Freq.str1.4
                0x000027a0       0x1e ./drivers/fsl_clock.o
 *fill*         0x000027be        0x2 ff
 .rodata.CLOCK_EnablePll0.str1.4
                0x000027c0       0x1a ./drivers/fsl_clock.o
 *fill*         0x000027da        0x2 ff
 .rodata.CLOCK_SetPbeMode.str1.4
                0x000027dc       0x1b ./drivers/fsl_clock.o
 *fill*         0x000027f7        0x1 ff
 .rodata.CLOCK_BootToPeeMode.str1.4
                0x000027f8       0x1b ./drivers/fsl_clock.o
 *fill*         0x00002813        0x1 ff
 .rodata.fllFactorTable.5423
                0x00002814       0x10 ./drivers/fsl_clock.o
 .rodata.GPIO_PinInit.str1.4
                0x00002824       0x19 ./drivers/fsl_gpio.o
 *fill*         0x0000283d        0x3 ff
 .rodata.LPSCI_GetInstance.str1.4
                0x00002840       0x37 ./drivers/fsl_lpsci.o
 *fill*         0x00002877        0x1 ff
 .rodata.LPSCI_Init.str1.4
                0x00002878       0x44 ./drivers/fsl_lpsci.o
 .rodata.LPSCI_GetDefaultConfig.str1.4
                0x000028bc       0x1c ./drivers/fsl_lpsci.o
                                 0x1a (size before relaxing)
 .rodata.mcgConfig_BOARD_BootClockRUN
                0x000028d8        0xa ./board/src/clock_config.o
                0x000028d8                mcgConfig_BOARD_BootClockRUN
 *fill*         0x000028e2        0x2 ff
 .rodata.simConfig_BOARD_BootClockRUN
                0x000028e4        0x8 ./board/src/clock_config.o
                0x000028e4                simConfig_BOARD_BootClockRUN
 .rodata.oscConfig_BOARD_BootClockRUN
                0x000028ec        0x8 ./board/src/clock_config.o
                0x000028ec                oscConfig_BOARD_BootClockRUN
 .rodata.__num_Ciob_streams
                0x000028f4        0x4 c:/nxp/mcuxpressoide_11.1.1_3241/ide/plugins/com.nxp.mcuxpresso.tools.win32_11.1.0.202001081728/tools/bin/../lib/gcc/arm-none-eabi/8.3.1/../../../../arm-none-eabi/lib/thumb/v6-m/nofp\libcr_semihost_nf.a(__ciob.o)
                0x000028f4                __num_Ciob_streams
 .rodata.__assertion_failed.str1.1
                0x000028f8       0x15 c:/nxp/mcuxpressoide_11.1.1_3241/ide/plugins/com.nxp.mcuxpresso.tools.win32_11.1.0.202001081728/tools/bin/../lib/gcc/arm-none-eabi/8.3.1/../../../../arm-none-eabi/lib/thumb/v6-m/nofp\libcr_semihost_nf.a(_cr_assert.o)
 .rodata._Csys_alloc.str1.1
                0x0000290d       0x18 c:/nxp/mcuxpressoide_11.1.1_3241/ide/plugins/com.nxp.mcuxpresso.tools.win32_11.1.0.202001081728/tools/bin/../lib/gcc/arm-none-eabi/8.3.1/../../../../arm-none-eabi/lib/thumb/v6-m/nofp\libcr_c.a(alloc.o)
 .rodata._initio.str1.1
                0x00002925        0x4 c:/nxp/mcuxpressoide_11.1.1_3241/ide/plugins/com.nxp.mcuxpresso.tools.win32_11.1.0.202001081728/tools/bin/../lib/gcc/arm-none-eabi/8.3.1/../../../../arm-none-eabi/lib/thumb/v6-m/nofp\libcr_c.a(initio.o)
                0x0000292c                . = ALIGN (0x4)
 *fill*         0x00002929        0x3 ff

.glue_7         0x0000292c        0x0
 .glue_7        0x0000292c        0x0 linker stubs

.glue_7t        0x0000292c        0x0
 .glue_7t       0x0000292c        0x0 linker stubs

.vfp11_veneer   0x0000292c        0x0
 .vfp11_veneer  0x0000292c        0x0 linker stubs

.v4_bx          0x0000292c        0x0
 .v4_bx         0x0000292c        0x0 linker stubs

.iplt           0x0000292c        0x0
 .iplt          0x0000292c        0x0 ./startup/startup_mkl46z4.o

.rel.dyn        0x0000292c        0x0
 .rel.iplt      0x0000292c        0x0 ./startup/startup_mkl46z4.o

.ARM.extab
 *(SORT_BY_ALIGNMENT(.ARM.extab*) SORT_BY_ALIGNMENT(.gnu.linkonce.armextab.*))

.ARM.exidx      0x0000292c        0x0
                0x0000292c                __exidx_start = .
 *(SORT_BY_ALIGNMENT(.ARM.exidx*) SORT_BY_ALIGNMENT(.gnu.linkonce.armexidx.*))
                0x0000292c                __exidx_end = .
                0x0000292c                _etext = .

.m_usb_data
 *(SORT_BY_ALIGNMENT(m_usb_bdt))

.mtb_buffer_default
                0x1fffe000       0x80
 *(SORT_BY_ALIGNMENT(.mtb*))
 .mtb.$RAM1     0x1fffe000       0x80 ./source/mtb.o
                0x1fffe000                __mtb_buffer__

.uninit_RESERVED
                0x1fffe080        0x0
                0x1fffe080                _start_uninit_RESERVED = .
 *(SORT_BY_ALIGNMENT(.bss.$RESERVED*))
                0x1fffe080                . = ALIGN (0x4)
                0x1fffe080                _end_uninit_RESERVED = .

.data           0x1fffe080        0xc load address 0x0000292c
 FILL mask 0xff
                0x1fffe080                _data = .
                [!provide]                PROVIDE (__start_data_RAM = .)
                [!provide]                PROVIDE (__start_data_SRAM = .)
 *(SORT_BY_ALIGNMENT(vtable))
 *(SORT_BY_ALIGNMENT(.ramfunc*))
 *(SORT_BY_ALIGNMENT(CodeQuickAccess))
 *(SORT_BY_ALIGNMENT(DataQuickAccess))
 *(SORT_BY_ALIGNMENT(RamFunction))
 *(SORT_BY_ALIGNMENT(.data*))
 .data.s_slowIrcFreq
                0x1fffe080        0x4 ./drivers/fsl_clock.o
 .data.s_fastIrcFreq
                0x1fffe084        0x4 ./drivers/fsl_clock.o
 .data.SystemCoreClock
                0x1fffe088        0x4 ./CMSIS/system_MKL46Z4.o
                0x1fffe088                SystemCoreClock
                0x1fffe08c                . = ALIGN (0x4)
                0x1fffe08c                _edata = .
                [!provide]                PROVIDE (__end_data_RAM = .)
                [!provide]                PROVIDE (__end_data_SRAM = .)

.igot.plt       0x1fffe08c        0x0 load address 0x00002938
 .igot.plt      0x1fffe08c        0x0 ./startup/startup_mkl46z4.o

.bss            0x1fffe08c      0x104
                0x1fffe08c                _bss = .
                [!provide]                PROVIDE (__start_bss_RAM = .)
                [!provide]                PROVIDE (__start_bss_SRAM = .)
 *(SORT_BY_ALIGNMENT(.bss*))
 .bss.ret       0x1fffe08c        0x4 ./source/ejemploUartRB.o
                0x1fffe08c                ret
 .bss.buffer    0x1fffe090       0x14 ./source/ejemploUartRB.o
                0x1fffe090                buffer
 .bss.pRingBufferRx
                0x1fffe0a4        0x4 ./source/uart_ringBufer.o
 .bss.pRingBufferTx
                0x1fffe0a8        0x4 ./source/uart_ringBufer.o
 .bss.g_xtal0Freq
                0x1fffe0ac        0x4 ./drivers/fsl_clock.o
                0x1fffe0ac                g_xtal0Freq
 .bss.g_xtal32Freq
                0x1fffe0b0        0x4 ./drivers/fsl_clock.o
                0x1fffe0b0                g_xtal32Freq
 .bss.s_lpsciHandle
                0x1fffe0b4        0x4 ./drivers/fsl_lpsci.o
 .bss.s_lpsciIsr
                0x1fffe0b8        0x4 ./drivers/fsl_lpsci.o
 .bss.s_uartHandle
                0x1fffe0bc        0xc ./drivers/fsl_uart.o
 .bss.s_uartIsr
                0x1fffe0c8        0x4 ./drivers/fsl_uart.o
 .bss.__Ciob    0x1fffe0cc       0xb4 c:/nxp/mcuxpressoide_11.1.1_3241/ide/plugins/com.nxp.mcuxpresso.tools.win32_11.1.0.202001081728/tools/bin/../lib/gcc/arm-none-eabi/8.3.1/../../../../arm-none-eabi/lib/thumb/v6-m/nofp\libcr_semihost_nf.a(__ciob.o)
                0x1fffe0cc                __Ciob
 .bss.__end_of_heap
                0x1fffe180        0x4 c:/nxp/mcuxpressoide_11.1.1_3241/ide/plugins/com.nxp.mcuxpresso.tools.win32_11.1.0.202001081728/tools/bin/../lib/gcc/arm-none-eabi/8.3.1/../../../../arm-none-eabi/lib/thumb/v6-m/nofp\libcr_c.a(__init_alloc.o)
                0x1fffe180                __end_of_heap
 .bss.__heaps   0x1fffe184        0x4 c:/nxp/mcuxpressoide_11.1.1_3241/ide/plugins/com.nxp.mcuxpresso.tools.win32_11.1.0.202001081728/tools/bin/../lib/gcc/arm-none-eabi/8.3.1/../../../../arm-none-eabi/lib/thumb/v6-m/nofp\libcr_c.a(__init_alloc.o)
                0x1fffe184                __heaps
 .bss.errno     0x1fffe188        0x4 c:/nxp/mcuxpressoide_11.1.1_3241/ide/plugins/com.nxp.mcuxpresso.tools.win32_11.1.0.202001081728/tools/bin/../lib/gcc/arm-none-eabi/8.3.1/../../../../arm-none-eabi/lib/thumb/v6-m/nofp\libcr_c.a(errno.o)
                0x1fffe188                errno
 .bss.estMefPrincipal.5934
                0x1fffe18c        0x1 ./source/ejemploUartRB.o
 *(SORT_BY_ALIGNMENT(COMMON))
                0x1fffe190                . = ALIGN (0x4)
 *fill*         0x1fffe18d        0x3 
                0x1fffe190                _ebss = .
                [!provide]                PROVIDE (__end_bss_RAM = .)
                [!provide]                PROVIDE (__end_bss_SRAM = .)
                [!provide]                PROVIDE (end = .)

.noinit         0x1fffe190        0x0
                0x1fffe190                _noinit = .
                [!provide]                PROVIDE (__start_noinit_RAM = .)
                [!provide]                PROVIDE (__start_noinit_SRAM = .)
 *(SORT_BY_ALIGNMENT(.noinit*))
                0x1fffe190                . = ALIGN (0x4)
                0x1fffe190                _end_noinit = .
                [!provide]                PROVIDE (__end_noinit_RAM = .)
                [!provide]                PROVIDE (__end_noinit_SRAM = .)
                0x00000800                _HeapSize = 0x800

.heap           0x1fffe190      0x800
                0x1fffe190                _pvHeapStart = .
                0x1fffe990                . = (. + _HeapSize)
 *fill*         0x1fffe190      0x800 
                0x1fffe990                . = ALIGN (0x4)
                0x1fffe990                _pvHeapLimit = .
                0x00000800                _StackSize = 0x800

.heap2stackfill
                0x1fffe990      0x800
                0x1ffff190                . = (. + _StackSize)
 *fill*         0x1fffe990      0x800 

.stack          0x20005800        0x0
                0x20005800                _vStackBase = .
                0x20005800                . = ALIGN (0x4)
                0x20006000                _vStackTop = (. + _StackSize)
                0x00000000                _image_start = LOADADDR (.text)
                0x00002938                _image_end = (LOADADDR (.data) + SIZEOF (.data))
                0x00002938                _image_size = (_image_end - _image_start)
OUTPUT(SD2_UART0_LEDS_SW.axf elf32-littlearm)

.debug_info     0x00000000     0x870e
 .debug_info    0x00000000      0x4db ./startup/startup_mkl46z4.o
 .debug_info    0x000004db      0x9fd ./source/SD2_board.o
 .debug_info    0x00000ed8      0x795 ./source/ejemploUartRB.o
 .debug_info    0x0000166d       0x4f ./source/mtb.o
 .debug_info    0x000016bc      0x29d ./source/ringBuffer.o
 .debug_info    0x00001959       0x38 ./source/semihost_hardfault.o
 .debug_info    0x00001991     0x1168 ./source/uart_ringBufer.o
 .debug_info    0x00002af9     0x1ac4 ./drivers/fsl_clock.o
 .debug_info    0x000045bd      0x834 ./drivers/fsl_gpio.o
 .debug_info    0x00004df1     0x1504 ./drivers/fsl_lpsci.o
 .debug_info    0x000062f5     0x14a5 ./drivers/fsl_uart.o
 .debug_info    0x0000779a      0xb32 ./board/src/clock_config.o
 .debug_info    0x000082cc      0x442 ./CMSIS/system_MKL46Z4.o

.debug_abbrev   0x00000000     0x1982
 .debug_abbrev  0x00000000      0x18a ./startup/startup_mkl46z4.o
 .debug_abbrev  0x0000018a      0x2c8 ./source/SD2_board.o
 .debug_abbrev  0x00000452      0x1a6 ./source/ejemploUartRB.o
 .debug_abbrev  0x000005f8       0x43 ./source/mtb.o
 .debug_abbrev  0x0000063b      0x12d ./source/ringBuffer.o
 .debug_abbrev  0x00000768       0x2e ./source/semihost_hardfault.o
 .debug_abbrev  0x00000796      0x299 ./source/uart_ringBufer.o
 .debug_abbrev  0x00000a2f      0x360 ./drivers/fsl_clock.o
 .debug_abbrev  0x00000d8f      0x225 ./drivers/fsl_gpio.o
 .debug_abbrev  0x00000fb4      0x322 ./drivers/fsl_lpsci.o
 .debug_abbrev  0x000012d6      0x322 ./drivers/fsl_uart.o
 .debug_abbrev  0x000015f8      0x21d ./board/src/clock_config.o
 .debug_abbrev  0x00001815      0x16d ./CMSIS/system_MKL46Z4.o

.debug_aranges  0x00000000      0x7f8
 .debug_aranges
                0x00000000      0x160 ./startup/startup_mkl46z4.o
 .debug_aranges
                0x00000160       0x68 ./source/SD2_board.o
 .debug_aranges
                0x000001c8       0x28 ./source/ejemploUartRB.o
 .debug_aranges
                0x000001f0       0x18 ./source/mtb.o
 .debug_aranges
                0x00000208       0x48 ./source/ringBuffer.o
 .debug_aranges
                0x00000250       0x20 ./source/semihost_hardfault.o
 .debug_aranges
                0x00000270       0x70 ./source/uart_ringBufer.o
 .debug_aranges
                0x000002e0      0x1d8 ./drivers/fsl_clock.o
 .debug_aranges
                0x000004b8       0x78 ./drivers/fsl_gpio.o
 .debug_aranges
                0x00000530      0x118 ./drivers/fsl_lpsci.o
 .debug_aranges
                0x00000648      0x130 ./drivers/fsl_uart.o
 .debug_aranges
                0x00000778       0x50 ./board/src/clock_config.o
 .debug_aranges
                0x000007c8       0x30 ./CMSIS/system_MKL46Z4.o

.debug_ranges   0x00000000      0x720
 .debug_ranges  0x00000000      0x150 ./startup/startup_mkl46z4.o
 .debug_ranges  0x00000150       0x58 ./source/SD2_board.o
 .debug_ranges  0x000001a8       0x18 ./source/ejemploUartRB.o
 .debug_ranges  0x000001c0       0x38 ./source/ringBuffer.o
 .debug_ranges  0x000001f8       0x10 ./source/semihost_hardfault.o
 .debug_ranges  0x00000208       0x60 ./source/uart_ringBufer.o
 .debug_ranges  0x00000268      0x1c8 ./drivers/fsl_clock.o
 .debug_ranges  0x00000430       0x68 ./drivers/fsl_gpio.o
 .debug_ranges  0x00000498      0x108 ./drivers/fsl_lpsci.o
 .debug_ranges  0x000005a0      0x120 ./drivers/fsl_uart.o
 .debug_ranges  0x000006c0       0x40 ./board/src/clock_config.o
 .debug_ranges  0x00000700       0x20 ./CMSIS/system_MKL46Z4.o

.debug_line     0x00000000     0x4364
 .debug_line    0x00000000      0x1e7 ./startup/startup_mkl46z4.o
 .debug_line    0x000001e7      0x375 ./source/SD2_board.o
 .debug_line    0x0000055c      0x248 ./source/ejemploUartRB.o
 .debug_line    0x000007a4       0x30 ./source/mtb.o
 .debug_line    0x000007d4      0x26d ./source/ringBuffer.o
 .debug_line    0x00000a41       0x5a ./source/semihost_hardfault.o
 .debug_line    0x00000a9b      0x434 ./source/uart_ringBufer.o
 .debug_line    0x00000ecf     0x11eb ./drivers/fsl_clock.o
 .debug_line    0x000020ba      0x3b6 ./drivers/fsl_gpio.o
 .debug_line    0x00002470      0xcc4 ./drivers/fsl_lpsci.o
 .debug_line    0x00003134      0xccf ./drivers/fsl_uart.o
 .debug_line    0x00003e03      0x2a1 ./board/src/clock_config.o
 .debug_line    0x000040a4      0x2c0 ./CMSIS/system_MKL46Z4.o

.debug_str      0x00000000     0x3ec8
 .debug_str     0x00000000      0x4df ./startup/startup_mkl46z4.o
                                0x4f2 (size before relaxing)
 .debug_str     0x000004df      0xceb ./source/SD2_board.o
                                0xe87 (size before relaxing)
 .debug_str     0x000011ca      0x47e ./source/ejemploUartRB.o
                                0xcba (size before relaxing)
 .debug_str     0x00001648       0x1f ./source/mtb.o
                                0x183 (size before relaxing)
 .debug_str     0x00001667       0xad ./source/ringBuffer.o
                                0x2da (size before relaxing)
 .debug_str     0x00001714       0x1f ./source/semihost_hardfault.o
                                0x183 (size before relaxing)
 .debug_str     0x00001733      0x98b ./source/uart_ringBufer.o
                               0x169d (size before relaxing)
 .debug_str     0x000020be      0xa68 ./drivers/fsl_clock.o
                               0x190c (size before relaxing)
 .debug_str     0x00002b26       0xdd ./drivers/fsl_gpio.o
                                0x9d6 (size before relaxing)
 .debug_str     0x00002c03      0x6d8 ./drivers/fsl_lpsci.o
                               0x176f (size before relaxing)
 .debug_str     0x000032db      0x969 ./drivers/fsl_uart.o
                               0x1776 (size before relaxing)
 .debug_str     0x00003c44      0x226 ./board/src/clock_config.o
                                0xee1 (size before relaxing)
 .debug_str     0x00003e6a       0x5e ./CMSIS/system_MKL46Z4.o
                                0x374 (size before relaxing)

.comment        0x00000000       0x76
 .comment       0x00000000       0x76 ./startup/startup_mkl46z4.o
                                 0x77 (size before relaxing)
 .comment       0x00000076       0x77 ./source/SD2_board.o
 .comment       0x00000076       0x77 ./source/ejemploUartRB.o
 .comment       0x00000076       0x77 ./source/mtb.o
 .comment       0x00000076       0x77 ./source/ringBuffer.o
 .comment       0x00000076       0x77 ./source/semihost_hardfault.o
 .comment       0x00000076       0x77 ./source/uart_ringBufer.o
 .comment       0x00000076       0x77 ./drivers/fsl_clock.o
 .comment       0x00000076       0x77 ./drivers/fsl_gpio.o
 .comment       0x00000076       0x77 ./drivers/fsl_lpsci.o
 .comment       0x00000076       0x77 ./drivers/fsl_uart.o
 .comment       0x00000076       0x77 ./board/src/clock_config.o
 .comment       0x00000076       0x77 ./CMSIS/system_MKL46Z4.o
 .comment       0x00000076       0x77 c:/nxp/mcuxpressoide_11.1.1_3241/ide/plugins/com.nxp.mcuxpresso.tools.win32_11.1.0.202001081728/tools/bin/../lib/gcc/arm-none-eabi/8.3.1/../../../../arm-none-eabi/lib/thumb/v6-m/nofp\libcr_semihost_nf.a(_cr__main.o)
 .comment       0x00000076       0x77 c:/nxp/mcuxpressoide_11.1.1_3241/ide/plugins/com.nxp.mcuxpresso.tools.win32_11.1.0.202001081728/tools/bin/../lib/gcc/arm-none-eabi/8.3.1/../../../../arm-none-eabi/lib/thumb/v6-m/nofp\libcr_semihost_nf.a(_cr_assert.o)
 .comment       0x00000076       0x77 c:/nxp/mcuxpressoide_11.1.1_3241/ide/plugins/com.nxp.mcuxpresso.tools.win32_11.1.0.202001081728/tools/bin/../lib/gcc/arm-none-eabi/8.3.1/../../../../arm-none-eabi/lib/thumb/v6-m/nofp\libcr_semihost_nf.a(__ciob.o)
 .comment       0x00000076       0x77 c:/nxp/mcuxpressoide_11.1.1_3241/ide/plugins/com.nxp.mcuxpresso.tools.win32_11.1.0.202001081728/tools/bin/../lib/gcc/arm-none-eabi/8.3.1/../../../../arm-none-eabi/lib/thumb/v6-m/nofp\libcr_c.a(memset.o)
 .comment       0x00000076       0x77 c:/nxp/mcuxpressoide_11.1.1_3241/ide/plugins/com.nxp.mcuxpresso.tools.win32_11.1.0.202001081728/tools/bin/../lib/gcc/arm-none-eabi/8.3.1/../../../../arm-none-eabi/lib/thumb/v6-m/nofp\libcr_c.a(_deferredlazyseek.o)
 .comment       0x00000076       0x77 c:/nxp/mcuxpressoide_11.1.1_3241/ide/plugins/com.nxp.mcuxpresso.tools.win32_11.1.0.202001081728/tools/bin/../lib/gcc/arm-none-eabi/8.3.1/../../../../arm-none-eabi/lib/thumb/v6-m/nofp\libcr_c.a(_fflush.o)
 .comment       0x00000076       0x77 c:/nxp/mcuxpressoide_11.1.1_3241/ide/plugins/com.nxp.mcuxpresso.tools.win32_11.1.0.202001081728/tools/bin/../lib/gcc/arm-none-eabi/8.3.1/../../../../arm-none-eabi/lib/thumb/v6-m/nofp\libcr_c.a(_writebuf.o)
 .comment       0x00000076       0x77 c:/nxp/mcuxpressoide_11.1.1_3241/ide/plugins/com.nxp.mcuxpresso.tools.win32_11.1.0.202001081728/tools/bin/../lib/gcc/arm-none-eabi/8.3.1/../../../../arm-none-eabi/lib/thumb/v6-m/nofp\libcr_c.a(alloc.o)
 .comment       0x00000076       0x77 c:/nxp/mcuxpressoide_11.1.1_3241/ide/plugins/com.nxp.mcuxpresso.tools.win32_11.1.0.202001081728/tools/bin/../lib/gcc/arm-none-eabi/8.3.1/../../../../arm-none-eabi/lib/thumb/v6-m/nofp\libcr_c.a(fputs.o)
 .comment       0x00000076       0x77 c:/nxp/mcuxpressoide_11.1.1_3241/ide/plugins/com.nxp.mcuxpresso.tools.win32_11.1.0.202001081728/tools/bin/../lib/gcc/arm-none-eabi/8.3.1/../../../../arm-none-eabi/lib/thumb/v6-m/nofp\libcr_c.a(fseek.o)
 .comment       0x00000076       0x77 c:/nxp/mcuxpressoide_11.1.1_3241/ide/plugins/com.nxp.mcuxpresso.tools.win32_11.1.0.202001081728/tools/bin/../lib/gcc/arm-none-eabi/8.3.1/../../../../arm-none-eabi/lib/thumb/v6-m/nofp\libcr_c.a(ftell.o)
 .comment       0x00000076       0x77 c:/nxp/mcuxpressoide_11.1.1_3241/ide/plugins/com.nxp.mcuxpresso.tools.win32_11.1.0.202001081728/tools/bin/../lib/gcc/arm-none-eabi/8.3.1/../../../../arm-none-eabi/lib/thumb/v6-m/nofp\libcr_c.a(initio.o)
 .comment       0x00000076       0x77 c:/nxp/mcuxpressoide_11.1.1_3241/ide/plugins/com.nxp.mcuxpresso.tools.win32_11.1.0.202001081728/tools/bin/../lib/gcc/arm-none-eabi/8.3.1/../../../../arm-none-eabi/lib/thumb/v6-m/nofp\libcr_c.a(setvbuf.o)
 .comment       0x00000076       0x77 c:/nxp/mcuxpressoide_11.1.1_3241/ide/plugins/com.nxp.mcuxpresso.tools.win32_11.1.0.202001081728/tools/bin/../lib/gcc/arm-none-eabi/8.3.1/../../../../arm-none-eabi/lib/thumb/v6-m/nofp\libcr_c.a(strlen.o)
 .comment       0x00000076       0x77 c:/nxp/mcuxpressoide_11.1.1_3241/ide/plugins/com.nxp.mcuxpresso.tools.win32_11.1.0.202001081728/tools/bin/../lib/gcc/arm-none-eabi/8.3.1/../../../../arm-none-eabi/lib/thumb/v6-m/nofp\libcr_c.a(__init_alloc.o)
 .comment       0x00000076       0x77 c:/nxp/mcuxpressoide_11.1.1_3241/ide/plugins/com.nxp.mcuxpresso.tools.win32_11.1.0.202001081728/tools/bin/../lib/gcc/arm-none-eabi/8.3.1/../../../../arm-none-eabi/lib/thumb/v6-m/nofp\libcr_c.a(_cr_sbrk.o)
 .comment       0x00000076       0x77 c:/nxp/mcuxpressoide_11.1.1_3241/ide/plugins/com.nxp.mcuxpresso.tools.win32_11.1.0.202001081728/tools/bin/../lib/gcc/arm-none-eabi/8.3.1/../../../../arm-none-eabi/lib/thumb/v6-m/nofp\libcr_c.a(_fdopen.o)
 .comment       0x00000076       0x77 c:/nxp/mcuxpressoide_11.1.1_3241/ide/plugins/com.nxp.mcuxpresso.tools.win32_11.1.0.202001081728/tools/bin/../lib/gcc/arm-none-eabi/8.3.1/../../../../arm-none-eabi/lib/thumb/v6-m/nofp\libcr_c.a(errno.o)
 .comment       0x00000076       0x77 c:/nxp/mcuxpressoide_11.1.1_3241/ide/plugins/com.nxp.mcuxpresso.tools.win32_11.1.0.202001081728/tools/bin/../lib/gcc/arm-none-eabi/8.3.1/../../../../arm-none-eabi/lib/thumb/v6-m/nofp\libcr_c.a(fclose.o)
 .comment       0x00000076       0x77 c:/nxp/mcuxpressoide_11.1.1_3241/ide/plugins/com.nxp.mcuxpresso.tools.win32_11.1.0.202001081728/tools/bin/../lib/gcc/arm-none-eabi/8.3.1/../../../../arm-none-eabi/lib/thumb/v6-m/nofp\libcr_c.a(fflush.o)
 .comment       0x00000076       0x77 c:/nxp/mcuxpressoide_11.1.1_3241/ide/plugins/com.nxp.mcuxpresso.tools.win32_11.1.0.202001081728/tools/bin/../lib/gcc/arm-none-eabi/8.3.1/../../../../arm-none-eabi/lib/thumb/v6-m/nofp\libcr_c.a(remove.o)
 .comment       0x00000076       0x77 c:/nxp/mcuxpressoide_11.1.1_3241/ide/plugins/com.nxp.mcuxpresso.tools.win32_11.1.0.202001081728/tools/bin/../lib/gcc/arm-none-eabi/8.3.1/../../../../arm-none-eabi/lib/thumb/v6-m/nofp\libcr_c.a(_cr_check_heap.o)
 .comment       0x00000076       0x77 c:/nxp/mcuxpressoide_11.1.1_3241/ide/plugins/com.nxp.mcuxpresso.tools.win32_11.1.0.202001081728/tools/bin/../lib/gcc/arm-none-eabi/8.3.1/../../../../arm-none-eabi/lib/thumb/v6-m/nofp\libcr_c.a(_do_fflush.o)

.ARM.attributes
                0x00000000       0x2a
 .ARM.attributes
                0x00000000       0x2c ./startup/startup_mkl46z4.o
 .ARM.attributes
                0x0000002c       0x2c ./source/SD2_board.o
 .ARM.attributes
                0x00000058       0x2c ./source/ejemploUartRB.o
 .ARM.attributes
                0x00000084       0x32 ./source/mtb.o
 .ARM.attributes
                0x000000b6       0x2c ./source/ringBuffer.o
 .ARM.attributes
                0x000000e2       0x2c ./source/semihost_hardfault.o
 .ARM.attributes
                0x0000010e       0x2c ./source/uart_ringBufer.o
 .ARM.attributes
                0x0000013a       0x2c ./drivers/fsl_clock.o
 .ARM.attributes
                0x00000166       0x2c ./drivers/fsl_gpio.o
 .ARM.attributes
                0x00000192       0x2c ./drivers/fsl_lpsci.o
 .ARM.attributes
                0x000001be       0x2c ./drivers/fsl_uart.o
 .ARM.attributes
                0x000001ea       0x2c ./board/src/clock_config.o
 .ARM.attributes
                0x00000216       0x2c ./CMSIS/system_MKL46Z4.o
 .ARM.attributes
                0x00000242       0x2c c:/nxp/mcuxpressoide_11.1.1_3241/ide/plugins/com.nxp.mcuxpresso.tools.win32_11.1.0.202001081728/tools/bin/../lib/gcc/arm-none-eabi/8.3.1/../../../../arm-none-eabi/lib/thumb/v6-m/nofp\libcr_semihost_nf.a(_cr__main.o)
 .ARM.attributes
                0x0000026e       0x2c c:/nxp/mcuxpressoide_11.1.1_3241/ide/plugins/com.nxp.mcuxpresso.tools.win32_11.1.0.202001081728/tools/bin/../lib/gcc/arm-none-eabi/8.3.1/../../../../arm-none-eabi/lib/thumb/v6-m/nofp\libcr_semihost_nf.a(_cr_assert.o)
 .ARM.attributes
                0x0000029a       0x31 c:/nxp/mcuxpressoide_11.1.1_3241/ide/plugins/com.nxp.mcuxpresso.tools.win32_11.1.0.202001081728/tools/bin/../lib/gcc/arm-none-eabi/8.3.1/../../../../arm-none-eabi/lib/thumb/v6-m/nofp\libcr_semihost_nf.a(__ciob.o)
 .ARM.attributes
                0x000002cb       0x1c c:/nxp/mcuxpressoide_11.1.1_3241/ide/plugins/com.nxp.mcuxpresso.tools.win32_11.1.0.202001081728/tools/bin/../lib/gcc/arm-none-eabi/8.3.1/../../../../arm-none-eabi/lib/thumb/v6-m/nofp\libcr_semihost_nf.a(__sys_appexit.o)
 .ARM.attributes
                0x000002e7       0x2c c:/nxp/mcuxpressoide_11.1.1_3241/ide/plugins/com.nxp.mcuxpresso.tools.win32_11.1.0.202001081728/tools/bin/../lib/gcc/arm-none-eabi/8.3.1/../../../../arm-none-eabi/lib/thumb/v6-m/nofp\libcr_c.a(memset.o)
 .ARM.attributes
                0x00000313       0x2c c:/nxp/mcuxpressoide_11.1.1_3241/ide/plugins/com.nxp.mcuxpresso.tools.win32_11.1.0.202001081728/tools/bin/../lib/gcc/arm-none-eabi/8.3.1/../../../../arm-none-eabi/lib/thumb/v6-m/nofp\libcr_c.a(_deferredlazyseek.o)
 .ARM.attributes
                0x0000033f       0x2c c:/nxp/mcuxpressoide_11.1.1_3241/ide/plugins/com.nxp.mcuxpresso.tools.win32_11.1.0.202001081728/tools/bin/../lib/gcc/arm-none-eabi/8.3.1/../../../../arm-none-eabi/lib/thumb/v6-m/nofp\libcr_c.a(_fflush.o)
 .ARM.attributes
                0x0000036b       0x2c c:/nxp/mcuxpressoide_11.1.1_3241/ide/plugins/com.nxp.mcuxpresso.tools.win32_11.1.0.202001081728/tools/bin/../lib/gcc/arm-none-eabi/8.3.1/../../../../arm-none-eabi/lib/thumb/v6-m/nofp\libcr_c.a(_writebuf.o)
 .ARM.attributes
                0x00000397       0x2c c:/nxp/mcuxpressoide_11.1.1_3241/ide/plugins/com.nxp.mcuxpresso.tools.win32_11.1.0.202001081728/tools/bin/../lib/gcc/arm-none-eabi/8.3.1/../../../../arm-none-eabi/lib/thumb/v6-m/nofp\libcr_c.a(alloc.o)
 .ARM.attributes
                0x000003c3       0x2c c:/nxp/mcuxpressoide_11.1.1_3241/ide/plugins/com.nxp.mcuxpresso.tools.win32_11.1.0.202001081728/tools/bin/../lib/gcc/arm-none-eabi/8.3.1/../../../../arm-none-eabi/lib/thumb/v6-m/nofp\libcr_c.a(fputs.o)
 .ARM.attributes
                0x000003ef       0x2c c:/nxp/mcuxpressoide_11.1.1_3241/ide/plugins/com.nxp.mcuxpresso.tools.win32_11.1.0.202001081728/tools/bin/../lib/gcc/arm-none-eabi/8.3.1/../../../../arm-none-eabi/lib/thumb/v6-m/nofp\libcr_c.a(fseek.o)
 .ARM.attributes
                0x0000041b       0x2c c:/nxp/mcuxpressoide_11.1.1_3241/ide/plugins/com.nxp.mcuxpresso.tools.win32_11.1.0.202001081728/tools/bin/../lib/gcc/arm-none-eabi/8.3.1/../../../../arm-none-eabi/lib/thumb/v6-m/nofp\libcr_c.a(ftell.o)
 .ARM.attributes
                0x00000447       0x2c c:/nxp/mcuxpressoide_11.1.1_3241/ide/plugins/com.nxp.mcuxpresso.tools.win32_11.1.0.202001081728/tools/bin/../lib/gcc/arm-none-eabi/8.3.1/../../../../arm-none-eabi/lib/thumb/v6-m/nofp\libcr_c.a(initio.o)
 .ARM.attributes
                0x00000473       0x2c c:/nxp/mcuxpressoide_11.1.1_3241/ide/plugins/com.nxp.mcuxpresso.tools.win32_11.1.0.202001081728/tools/bin/../lib/gcc/arm-none-eabi/8.3.1/../../../../arm-none-eabi/lib/thumb/v6-m/nofp\libcr_c.a(setvbuf.o)
 .ARM.attributes
                0x0000049f       0x2c c:/nxp/mcuxpressoide_11.1.1_3241/ide/plugins/com.nxp.mcuxpresso.tools.win32_11.1.0.202001081728/tools/bin/../lib/gcc/arm-none-eabi/8.3.1/../../../../arm-none-eabi/lib/thumb/v6-m/nofp\libcr_c.a(strlen.o)
 .ARM.attributes
                0x000004cb       0x2c c:/nxp/mcuxpressoide_11.1.1_3241/ide/plugins/com.nxp.mcuxpresso.tools.win32_11.1.0.202001081728/tools/bin/../lib/gcc/arm-none-eabi/8.3.1/../../../../arm-none-eabi/lib/thumb/v6-m/nofp\libcr_c.a(__init_alloc.o)
 .ARM.attributes
                0x000004f7       0x2c c:/nxp/mcuxpressoide_11.1.1_3241/ide/plugins/com.nxp.mcuxpresso.tools.win32_11.1.0.202001081728/tools/bin/../lib/gcc/arm-none-eabi/8.3.1/../../../../arm-none-eabi/lib/thumb/v6-m/nofp\libcr_c.a(_cr_sbrk.o)
 .ARM.attributes
                0x00000523       0x2c c:/nxp/mcuxpressoide_11.1.1_3241/ide/plugins/com.nxp.mcuxpresso.tools.win32_11.1.0.202001081728/tools/bin/../lib/gcc/arm-none-eabi/8.3.1/../../../../arm-none-eabi/lib/thumb/v6-m/nofp\libcr_c.a(_fdopen.o)
 .ARM.attributes
                0x0000054f       0x31 c:/nxp/mcuxpressoide_11.1.1_3241/ide/plugins/com.nxp.mcuxpresso.tools.win32_11.1.0.202001081728/tools/bin/../lib/gcc/arm-none-eabi/8.3.1/../../../../arm-none-eabi/lib/thumb/v6-m/nofp\libcr_c.a(errno.o)
 .ARM.attributes
                0x00000580       0x2c c:/nxp/mcuxpressoide_11.1.1_3241/ide/plugins/com.nxp.mcuxpresso.tools.win32_11.1.0.202001081728/tools/bin/../lib/gcc/arm-none-eabi/8.3.1/../../../../arm-none-eabi/lib/thumb/v6-m/nofp\libcr_c.a(fclose.o)
 .ARM.attributes
                0x000005ac       0x2c c:/nxp/mcuxpressoide_11.1.1_3241/ide/plugins/com.nxp.mcuxpresso.tools.win32_11.1.0.202001081728/tools/bin/../lib/gcc/arm-none-eabi/8.3.1/../../../../arm-none-eabi/lib/thumb/v6-m/nofp\libcr_c.a(fflush.o)
 .ARM.attributes
                0x000005d8       0x2c c:/nxp/mcuxpressoide_11.1.1_3241/ide/plugins/com.nxp.mcuxpresso.tools.win32_11.1.0.202001081728/tools/bin/../lib/gcc/arm-none-eabi/8.3.1/../../../../arm-none-eabi/lib/thumb/v6-m/nofp\libcr_c.a(remove.o)
 .ARM.attributes
                0x00000604       0x2c c:/nxp/mcuxpressoide_11.1.1_3241/ide/plugins/com.nxp.mcuxpresso.tools.win32_11.1.0.202001081728/tools/bin/../lib/gcc/arm-none-eabi/8.3.1/../../../../arm-none-eabi/lib/thumb/v6-m/nofp\libcr_c.a(_cr_check_heap.o)
 .ARM.attributes
                0x00000630       0x2c c:/nxp/mcuxpressoide_11.1.1_3241/ide/plugins/com.nxp.mcuxpresso.tools.win32_11.1.0.202001081728/tools/bin/../lib/gcc/arm-none-eabi/8.3.1/../../../../arm-none-eabi/lib/thumb/v6-m/nofp\libcr_c.a(_do_fflush.o)
 .ARM.attributes
                0x0000065c       0x1c c:/nxp/mcuxpressoide_11.1.1_3241/ide/plugins/com.nxp.mcuxpresso.tools.win32_11.1.0.202001081728/tools/bin/../lib/gcc/arm-none-eabi/8.3.1/thumb/v6-m/nofp\libcr_eabihelpers.a(division_32.o)
 .ARM.attributes
                0x00000678       0x1c c:/nxp/mcuxpressoide_11.1.1_3241/ide/plugins/com.nxp.mcuxpresso.tools.win32_11.1.0.202001081728/tools/bin/../lib/gcc/arm-none-eabi/8.3.1/thumb/v6-m/nofp\libcr_eabihelpers.a(division_idiv0.o)
 .ARM.attributes
                0x00000694       0x1c c:/nxp/mcuxpressoide_11.1.1_3241/ide/plugins/com.nxp.mcuxpresso.tools.win32_11.1.0.202001081728/tools/bin/../lib/gcc/arm-none-eabi/8.3.1/thumb/v6-m/nofp\libcr_eabihelpers.a(memcpy.o)
 .ARM.attributes
                0x000006b0       0x1c c:/nxp/mcuxpressoide_11.1.1_3241/ide/plugins/com.nxp.mcuxpresso.tools.win32_11.1.0.202001081728/tools/bin/../lib/gcc/arm-none-eabi/8.3.1/../../../../arm-none-eabi/lib/thumb/v6-m/nofp\libcr_semihost_nf.a(__sys_close.o)
 .ARM.attributes
                0x000006cc       0x1c c:/nxp/mcuxpressoide_11.1.1_3241/ide/plugins/com.nxp.mcuxpresso.tools.win32_11.1.0.202001081728/tools/bin/../lib/gcc/arm-none-eabi/8.3.1/../../../../arm-none-eabi/lib/thumb/v6-m/nofp\libcr_semihost_nf.a(__sys_flen.o)
 .ARM.attributes
                0x000006e8       0x1c c:/nxp/mcuxpressoide_11.1.1_3241/ide/plugins/com.nxp.mcuxpresso.tools.win32_11.1.0.202001081728/tools/bin/../lib/gcc/arm-none-eabi/8.3.1/../../../../arm-none-eabi/lib/thumb/v6-m/nofp\libcr_semihost_nf.a(__sys_istty.o)
 .ARM.attributes
                0x00000704       0x1c c:/nxp/mcuxpressoide_11.1.1_3241/ide/plugins/com.nxp.mcuxpresso.tools.win32_11.1.0.202001081728/tools/bin/../lib/gcc/arm-none-eabi/8.3.1/../../../../arm-none-eabi/lib/thumb/v6-m/nofp\libcr_semihost_nf.a(__sys_remove.o)
 .ARM.attributes
                0x00000720       0x1c c:/nxp/mcuxpressoide_11.1.1_3241/ide/plugins/com.nxp.mcuxpresso.tools.win32_11.1.0.202001081728/tools/bin/../lib/gcc/arm-none-eabi/8.3.1/../../../../arm-none-eabi/lib/thumb/v6-m/nofp\libcr_semihost_nf.a(__sys_seek.o)
 .ARM.attributes
                0x0000073c       0x1c c:/nxp/mcuxpressoide_11.1.1_3241/ide/plugins/com.nxp.mcuxpresso.tools.win32_11.1.0.202001081728/tools/bin/../lib/gcc/arm-none-eabi/8.3.1/../../../../arm-none-eabi/lib/thumb/v6-m/nofp\libcr_semihost_nf.a(__sys_tmpnam.o)
 .ARM.attributes
                0x00000758       0x1c c:/nxp/mcuxpressoide_11.1.1_3241/ide/plugins/com.nxp.mcuxpresso.tools.win32_11.1.0.202001081728/tools/bin/../lib/gcc/arm-none-eabi/8.3.1/../../../../arm-none-eabi/lib/thumb/v6-m/nofp\libcr_semihost_nf.a(__sys_write.o)

.debug_frame    0x00000000     0x19e4
 .debug_frame   0x00000000      0x3b0 ./startup/startup_mkl46z4.o
 .debug_frame   0x000003b0      0x150 ./source/SD2_board.o
 .debug_frame   0x00000500       0x48 ./source/ejemploUartRB.o
 .debug_frame   0x00000548       0xd0 ./source/ringBuffer.o
 .debug_frame   0x00000618       0x20 ./source/semihost_hardfault.o
 .debug_frame   0x00000638      0x170 ./source/uart_ringBufer.o
 .debug_frame   0x000007a8      0x6e0 ./drivers/fsl_clock.o
 .debug_frame   0x00000e88      0x190 ./drivers/fsl_gpio.o
 .debug_frame   0x00001018      0x418 ./drivers/fsl_lpsci.o
 .debug_frame   0x00001430      0x468 ./drivers/fsl_uart.o
 .debug_frame   0x00001898       0xe4 ./board/src/clock_config.o
 .debug_frame   0x0000197c       0x68 ./CMSIS/system_MKL46Z4.o
