Archive member included to satisfy reference by file (symbol)

c:/nxp/mcuxpressoide_11.1.1_3241/ide/plugins/com.nxp.mcuxpresso.tools.win32_11.1.0.202001081728/tools/bin/../lib/gcc/arm-none-eabi/8.3.1/../../../../arm-none-eabi/lib/thumb/v6-m/nofp\libcr_semihost_nf.a(_cr__main.o)
                              ./startup/startup_mkl46z4.o (__main)
c:/nxp/mcuxpressoide_11.1.1_3241/ide/plugins/com.nxp.mcuxpresso.tools.win32_11.1.0.202001081728/tools/bin/../lib/gcc/arm-none-eabi/8.3.1/../../../../arm-none-eabi/lib/thumb/v6-m/nofp\libcr_semihost_nf.a(_cr_assert.o)
                              ./utilities/fsl_debug_console.o (__assertion_failed)
c:/nxp/mcuxpressoide_11.1.1_3241/ide/plugins/com.nxp.mcuxpresso.tools.win32_11.1.0.202001081728/tools/bin/../lib/gcc/arm-none-eabi/8.3.1/../../../../arm-none-eabi/lib/thumb/v6-m/nofp\libcr_semihost_nf.a(__ciob.o)
                              c:/nxp/mcuxpressoide_11.1.1_3241/ide/plugins/com.nxp.mcuxpresso.tools.win32_11.1.0.202001081728/tools/bin/../lib/gcc/arm-none-eabi/8.3.1/../../../../arm-none-eabi/lib/thumb/v6-m/nofp\libcr_semihost_nf.a(_cr_assert.o) (__Ciob)
c:/nxp/mcuxpressoide_11.1.1_3241/ide/plugins/com.nxp.mcuxpresso.tools.win32_11.1.0.202001081728/tools/bin/../lib/gcc/arm-none-eabi/8.3.1/../../../../arm-none-eabi/lib/thumb/v6-m/nofp\libcr_semihost_nf.a(__sys_appexit.o)
                              c:/nxp/mcuxpressoide_11.1.1_3241/ide/plugins/com.nxp.mcuxpresso.tools.win32_11.1.0.202001081728/tools/bin/../lib/gcc/arm-none-eabi/8.3.1/../../../../arm-none-eabi/lib/thumb/v6-m/nofp\libcr_semihost_nf.a(_cr_assert.o) (__sys_appexit)
c:/nxp/mcuxpressoide_11.1.1_3241/ide/plugins/com.nxp.mcuxpresso.tools.win32_11.1.0.202001081728/tools/bin/../lib/gcc/arm-none-eabi/8.3.1/../../../../arm-none-eabi/lib/thumb/v6-m/nofp\libcr_c.a(memcpy.o)
                              ./drivers/fsl_ftfx_cache.o (memcpy)
c:/nxp/mcuxpressoide_11.1.1_3241/ide/plugins/com.nxp.mcuxpresso.tools.win32_11.1.0.202001081728/tools/bin/../lib/gcc/arm-none-eabi/8.3.1/../../../../arm-none-eabi/lib/thumb/v6-m/nofp\libcr_c.a(memset.o)
                              ./source/mma8451.o (memset)
c:/nxp/mcuxpressoide_11.1.1_3241/ide/plugins/com.nxp.mcuxpresso.tools.win32_11.1.0.202001081728/tools/bin/../lib/gcc/arm-none-eabi/8.3.1/../../../../arm-none-eabi/lib/thumb/v6-m/nofp\libcr_c.a(_deferredlazyseek.o)
                              c:/nxp/mcuxpressoide_11.1.1_3241/ide/plugins/com.nxp.mcuxpresso.tools.win32_11.1.0.202001081728/tools/bin/../lib/gcc/arm-none-eabi/8.3.1/../../../../arm-none-eabi/lib/thumb/v6-m/nofp\libcr_semihost_nf.a(_cr_assert.o) (__flsbuf)
c:/nxp/mcuxpressoide_11.1.1_3241/ide/plugins/com.nxp.mcuxpresso.tools.win32_11.1.0.202001081728/tools/bin/../lib/gcc/arm-none-eabi/8.3.1/../../../../arm-none-eabi/lib/thumb/v6-m/nofp\libcr_c.a(_fflush.o)
                              c:/nxp/mcuxpressoide_11.1.1_3241/ide/plugins/com.nxp.mcuxpresso.tools.win32_11.1.0.202001081728/tools/bin/../lib/gcc/arm-none-eabi/8.3.1/../../../../arm-none-eabi/lib/thumb/v6-m/nofp\libcr_c.a(_deferredlazyseek.o) (_fflush)
c:/nxp/mcuxpressoide_11.1.1_3241/ide/plugins/com.nxp.mcuxpresso.tools.win32_11.1.0.202001081728/tools/bin/../lib/gcc/arm-none-eabi/8.3.1/../../../../arm-none-eabi/lib/thumb/v6-m/nofp\libcr_c.a(_writebuf.o)
                              c:/nxp/mcuxpressoide_11.1.1_3241/ide/plugins/com.nxp.mcuxpresso.tools.win32_11.1.0.202001081728/tools/bin/../lib/gcc/arm-none-eabi/8.3.1/../../../../arm-none-eabi/lib/thumb/v6-m/nofp\libcr_c.a(_deferredlazyseek.o) (_Cwritebuf)
c:/nxp/mcuxpressoide_11.1.1_3241/ide/plugins/com.nxp.mcuxpresso.tools.win32_11.1.0.202001081728/tools/bin/../lib/gcc/arm-none-eabi/8.3.1/../../../../arm-none-eabi/lib/thumb/v6-m/nofp\libcr_c.a(alloc.o)
                              ./source/ringBuffer.o (malloc)
c:/nxp/mcuxpressoide_11.1.1_3241/ide/plugins/com.nxp.mcuxpresso.tools.win32_11.1.0.202001081728/tools/bin/../lib/gcc/arm-none-eabi/8.3.1/../../../../arm-none-eabi/lib/thumb/v6-m/nofp\libcr_c.a(fputs.o)
                              c:/nxp/mcuxpressoide_11.1.1_3241/ide/plugins/com.nxp.mcuxpresso.tools.win32_11.1.0.202001081728/tools/bin/../lib/gcc/arm-none-eabi/8.3.1/../../../../arm-none-eabi/lib/thumb/v6-m/nofp\libcr_semihost_nf.a(_cr_assert.o) (fputs)
c:/nxp/mcuxpressoide_11.1.1_3241/ide/plugins/com.nxp.mcuxpresso.tools.win32_11.1.0.202001081728/tools/bin/../lib/gcc/arm-none-eabi/8.3.1/../../../../arm-none-eabi/lib/thumb/v6-m/nofp\libcr_c.a(fseek.o)
                              c:/nxp/mcuxpressoide_11.1.1_3241/ide/plugins/com.nxp.mcuxpresso.tools.win32_11.1.0.202001081728/tools/bin/../lib/gcc/arm-none-eabi/8.3.1/../../../../arm-none-eabi/lib/thumb/v6-m/nofp\libcr_c.a(_deferredlazyseek.o) (fseek)
c:/nxp/mcuxpressoide_11.1.1_3241/ide/plugins/com.nxp.mcuxpresso.tools.win32_11.1.0.202001081728/tools/bin/../lib/gcc/arm-none-eabi/8.3.1/../../../../arm-none-eabi/lib/thumb/v6-m/nofp\libcr_c.a(ftell.o)
[...]
Memory Configuration

Name             Origin             Length             Attributes
PROGRAM_FLASH    0x00000000         0x00040000         xr
SRAM             0x1fffe000         0x00008000         xrw
*default*        0x00000000         0xffffffff

Linker script and memory map

LOAD ./utilities/fsl_assert.o
LOAD ./utilities/fsl_debug_console.o
LOAD ./utilities/fsl_io.o
LOAD ./utilities/fsl_log.o
LOAD ./utilities/fsl_str.o
LOAD ./startup/startup_mkl46z4.o
LOAD ./source/SD2_I2C.o
LOAD ./source/SD2_board.o
LOAD ./source/ejemploUartRB.o
LOAD ./source/mma8451.o
LOAD ./source/mtb.o
LOAD ./source/ringBuffer.o
LOAD ./source/semihost_hardfault.o
LOAD ./source/uart_ringBufer.o
LOAD ./drivers/fsl_clock.o
LOAD ./drivers/fsl_common.o
LOAD ./drivers/fsl_ftfx_cache.o
LOAD ./drivers/fsl_ftfx_controller.o
LOAD ./drivers/fsl_ftfx_flash.o
LOAD ./drivers/fsl_ftfx_flexnvm.o
LOAD ./drivers/fsl_gpio.o
LOAD ./drivers/fsl_i2c.o
LOAD ./drivers/fsl_lpsci.o
LOAD ./drivers/fsl_smc.o
LOAD ./drivers/fsl_uart.o
LOAD ./board/src/board.o
LOAD ./board/src/clock_config.o
LOAD ./board/peripherals.o
LOAD ./board/pin_mux.o
LOAD ./CMSIS/system_MKL46Z4.o
START GROUP
LOAD c:/nxp/mcuxpressoide_11.1.1_3241/ide/plugins/com.nxp.mcuxpresso.tools.win32_11.1.0.202001081728/tools/bin/../lib/gcc/arm-none-eabi/8.3.1/../../../../arm-none-eabi/lib/thumb/v6-m/nofp\libcr_semihost_nf.a
LOAD c:/nxp/mcuxpressoide_11.1.1_3241/ide/plugins/com.nxp.mcuxpresso.tools.win32_11.1.0.202001081728/tools/bin/../lib/gcc/arm-none-eabi/8.3.1/../../../../arm-none-eabi/lib/thumb/v6-m/nofp\libcr_c.a
LOAD c:/nxp/mcuxpressoide_11.1.1_3241/ide/plugins/com.nxp.mcuxpresso.tools.win32_11.1.0.202001081728/tools/bin/../lib/gcc/arm-none-eabi/8.3.1/thumb/v6-m/nofp\libcr_eabihelpers.a
LOAD c:/nxp/mcuxpressoide_11.1.1_3241/ide/plugins/com.nxp.mcuxpresso.tools.win32_11.1.0.202001081728/tools/bin/../lib/gcc/arm-none-eabi/8.3.1/thumb/v6-m/nofp\libgcc.a
END GROUP
                0x00000000                __base_PROGRAM_FLASH = 0x0
                0x00000000                __base_Flash = 0x0
                0x00040000                __top_PROGRAM_FLASH = 0x40000
                0x00040000                __top_Flash = 0x40000
                0x1fffe000                __base_SRAM = 0x1fffe000
                0x1fffe000                __base_RAM = 0x1fffe000
                0x20006000                __top_SRAM = 0x20006000
                0x20006000                __top_RAM = 0x20006000

.text           0x00000000     0x5a00
 FILL mask 0xff
                0x00000000                __vectors_start__ = ABSOLUTE (.)
 *(SORT_BY_ALIGNMENT(.isr_vector))
 .isr_vector    0x00000000       0xc0 ./startup/startup_mkl46z4.o
                0x00000000                g_pfnVectors
                0x00000000                __Vectors
                0x000000c0                . = ALIGN (0x4)
                0x000000c0                __section_table_start = .
                0x000000c0                __data_section_table = .
                0x000000c0        0x4 LONG 0x5a00 LOADADDR (.data)
                0x000000c4        0x4 LONG 0x1fffe080 ADDR (.data)
                0x000000c8        0x4 LONG 0xc SIZEOF (.data)
                0x000000cc                __data_section_table_end = .
                0x000000cc                __bss_section_table = .
                0x000000cc        0x4 LONG 0x1fffe08c ADDR (.bss)
                0x000000d0        0x4 LONG 0x12c SIZEOF (.bss)
                0x000000d4                __bss_section_table_end = .
                0x000000d4                __section_table_end = .
 *(SORT_BY_ALIGNMENT(.after_vectors*))
 .after_vectors.reset
                0x000000d4       0x4c ./startup/startup_mkl46z4.o
                0x000000d4                ResetISR
 .after_vectors.init_data
                0x00000120       0x12 ./startup/startup_mkl46z4.o
                0x00000120                data_init
 .after_vectors.init_bss
                0x00000132       0x10 ./startup/startup_mkl46z4.o
                0x00000132                bss_init
 .after_vectors
                0x00000142      0x10c ./startup/startup_mkl46z4.o
                0x00000142                NMI_Handler
                0x00000146                SVC_Handler
                0x00000148                PendSV_Handler
                0x0000014a                SysTick_Handler
                0x0000014c                DMA2_DriverIRQHandler
                0x0000014c                PORTC_PORTD_DriverIRQHandler
                0x0000014c                SPI1_DriverIRQHandler
                0x0000014c                LPTMR0_DriverIRQHandler
                0x0000014c                DMA0_DriverIRQHandler
                0x0000014c                CMP0_DriverIRQHandler
                0x0000014c                I2S0_DriverIRQHandler
                0x0000014c                ADC0_DriverIRQHandler
                0x0000014c                TPM2_DriverIRQHandler
                0x0000014c                SPI0_DriverIRQHandler
                0x0000014c                Reserved20_DriverIRQHandler
                0x0000014c                DMA1_DriverIRQHandler
                0x0000014c                TSI0_DriverIRQHandler
                0x0000014c                RTC_Seconds_DriverIRQHandler
                0x0000014c                PIT_DriverIRQHandler
                0x0000014c                LLWU_DriverIRQHandler
                0x0000014c                MCG_DriverIRQHandler
                0x0000014c                LCD_DriverIRQHandler
                0x0000014c                RTC_DriverIRQHandler
                0x0000014c                FTFA_DriverIRQHandler
                0x0000014c                IntDefaultHandler
                0x0000014c                USB0_DriverIRQHandler
                0x0000014c                DAC0_DriverIRQHandler
                0x0000014c                LVD_LVW_DriverIRQHandler
                0x0000014c                TPM0_DriverIRQHandler
                0x0000014c                TPM1_DriverIRQHandler
                0x0000014c                PORTA_DriverIRQHandler
                0x0000014c                DMA3_DriverIRQHandler
                0x0000014e                DMA0_IRQHandler
                0x00000156                DMA1_IRQHandler
                0x0000015e                DMA2_IRQHandler
                0x00000166                DMA3_IRQHandler
                0x0000016e                Reserved20_IRQHandler
                0x00000176                FTFA_IRQHandler
                0x0000017e                LVD_LVW_IRQHandler
                0x00000186                LLWU_IRQHandler
                0x0000018e                I2C0_IRQHandler
                0x00000196                I2C1_IRQHandler
                0x0000019e                SPI0_IRQHandler
                0x000001a6                SPI1_IRQHandler
                0x000001be                UART2_IRQHandler
                0x000001c6                ADC0_IRQHandler
                0x000001ce                CMP0_IRQHandler
                0x000001d6                TPM0_IRQHandler
                0x000001de                TPM1_IRQHandler
                0x000001e6                TPM2_IRQHandler
                0x000001ee                RTC_IRQHandler
                0x000001f6                RTC_Seconds_IRQHandler
                0x000001fe                PIT_IRQHandler
                0x00000206                I2S0_IRQHandler
                0x0000020e                USB0_IRQHandler
                0x00000216                DAC0_IRQHandler
                0x0000021e                TSI0_IRQHandler
                0x00000226                MCG_IRQHandler
                0x0000022e                LPTMR0_IRQHandler
                0x00000236                LCD_IRQHandler
                0x0000023e                PORTA_IRQHandler
                0x00000400                . = 0x400
 *fill*         0x0000024e      0x1b2 ff
                0x00000400                PROVIDE (__FLASH_CONFIG_START__ = .)
 *(SORT_BY_ALIGNMENT(.FlashConfig))
 .FlashConfig   0x00000400       0x10 ./startup/startup_mkl46z4.o
                0x00000400                Flash_Config
                0x00000410                PROVIDE (__FLASH_CONFIG_END__ = .)
                0x00000001                ASSERT (! ((__FLASH_CONFIG_START__ == __FLASH_CONFIG_END__)), Linker Flash Config Support Enabled, but no .FlashConfig section provided within application)
 *(SORT_BY_ALIGNMENT(.text*))
 .text.CLOCK_EnableClock
                0x00000410       0x34 ./source/SD2_I2C.o
 .text.PORT_SetPinConfig
                0x00000444       0x38 ./source/SD2_I2C.o
 .text.I2C_releaseBus
                0x0000047c      0x124 ./source/SD2_I2C.o
 .text.I2C_configPins
                0x000005a0       0x80 ./source/SD2_I2C.o
 .text.SD2_I2C_init
                0x00000620       0x44 ./source/SD2_I2C.o
                0x00000620                SD2_I2C_init
 .text.CLOCK_EnableClock
                0x00000664       0x34 ./source/SD2_board.o
 .text.PORT_SetPinConfig
                0x00000698       0x38 ./source/SD2_board.o
 .text.board_init
                0x000006d0      0x178 ./source/SD2_board.o
                0x000006d0                board_init
 .text.board_setLed
                0x00000848       0xd4 ./source/SD2_board.o
                0x00000848                board_setLed
 .text.board_getSw
                0x0000091c       0x50 ./source/SD2_board.o
                0x0000091c                board_getSw
 .text.__NVIC_EnableIRQ
                0x0000096c       0x34 ./source/ejemploUartRB.o
 .text.__NVIC_DisableIRQ
                0x000009a0       0x40 ./source/ejemploUartRB.o
 .text.main     0x000009e0       0x74 ./source/ejemploUartRB.o
                0x000009e0                main
 .text.mefPrincipal
                0x00000a54      0x5fc ./source/ejemploUartRB.o
                0x00000a54                mefPrincipal
 .text.__NVIC_EnableIRQ
                0x00001050       0x34 ./source/mma8451.o
 .text.__NVIC_SetPriority
                0x00001084       0xdc ./source/mma8451.o
 .text.PORT_SetPinConfig
                0x00001160       0x38 ./source/mma8451.o
 .text.PORT_SetPinInterruptConfig
                0x00001198       0x40 ./source/mma8451.o
 .text.mma8451_read_reg
                0x000011d8       0x68 ./source/mma8451.o
 .text.mma8451_write_reg
                0x00001240       0x68 ./source/mma8451.o
 .text.config_port_int1
                0x000012a8       0x74 ./source/mma8451.o
 .text.mma8451_getAcX
                0x0000131c       0x2c ./source/mma8451.o
                0x0000131c                mma8451_getAcX
 .text.mma8451_getAcY
                0x00001348       0x2c ./source/mma8451.o
                0x00001348                mma8451_getAcY
 .text.mma8451_getAcZ
                0x00001374       0x2c ./source/mma8451.o
                0x00001374                mma8451_getAcZ
 .text.PORTC_PORTD_IRQHandler
                0x000013a0      0x114 ./source/mma8451.o
                0x000013a0                PORTC_PORTD_IRQHandler
 .text.HardFault_Handler
                0x000014b4       0x30 ./source/semihost_hardfault.o
                0x000014b4                HardFault_Handler
 .text.__NVIC_EnableIRQ
                0x000014e4       0x34 ./source/uart_ringBufer.o
 .text.__NVIC_DisableIRQ
                0x00001518       0x40 ./source/uart_ringBufer.o
 .text.CLOCK_SetLpsci0Clock
                0x00001558       0x38 ./source/uart_ringBufer.o
 .text.PORT_SetPinMux
                0x00001590       0x40 ./source/uart_ringBufer.o
 .text.uart0_ringBuffer_init
                0x000015d0       0xb0 ./source/uart_ringBufer.o
                0x000015d0                uart0_ringBuffer_init
 .text.uart0_ringBuffer_recDatos
                0x00001680       0x70 ./source/uart_ringBufer.o
                0x00001680                uart0_ringBuffer_recDatos
 .text.uart0_ringBuffer_envDatos
                0x000016f0       0x84 ./source/uart_ringBufer.o
                0x000016f0                uart0_ringBuffer_envDatos
 .text.UART0_IRQHandler
                0x00001774       0xb0 ./source/uart_ringBufer.o
                0x00001774                UART0_IRQHandler
 .text.UART1_IRQHandler
                0x00001824       0xb0 ./source/uart_ringBufer.o
                0x00001824                UART1_IRQHandler
 .text.CLOCK_SetEr32kClock
                0x000018d4       0x34 ./drivers/fsl_clock.o
 .text.CLOCK_SetPllFllSelClock
                0x00001908       0x38 ./drivers/fsl_clock.o
 .text.CLOCK_GetMcgExtClkFreq
                0x00001940       0x28 ./drivers/fsl_clock.o
 .text.CLOCK_GetFllExtRefClkFreq
                0x00001968       0xa4 ./drivers/fsl_clock.o
 .text.CLOCK_GetInternalRefClkSelectFreq
                0x00001a0c       0x40 ./drivers/fsl_clock.o
 .text.CLOCK_GetFllRefClkFreq
                0x00001a4c       0x2c ./drivers/fsl_clock.o
 .text.CLOCK_GetOscRangeFromFreq
                0x00001a78       0x4c ./drivers/fsl_clock.o
 .text.CLOCK_GetOsc0ErClkFreq
                0x00001ac4       0x3c ./drivers/fsl_clock.o
                0x00001ac4                CLOCK_GetOsc0ErClkFreq
 .text.CLOCK_GetEr32kClkFreq
                0x00001b00       0x74 ./drivers/fsl_clock.o
                0x00001b00                CLOCK_GetEr32kClkFreq
 .text.CLOCK_GetPllFllSelClkFreq
                0x00001b74       0x4c ./drivers/fsl_clock.o
                0x00001b74                CLOCK_GetPllFllSelClkFreq
 .text.CLOCK_GetFreq
                0x00001bc0       0xe0 ./drivers/fsl_clock.o
                0x00001bc0                CLOCK_GetFreq
 .text.CLOCK_SetSimConfig
                0x00001ca0       0x38 ./drivers/fsl_clock.o
                0x00001ca0                CLOCK_SetSimConfig
 .text.CLOCK_GetOutClkFreq
                0x00001cd8       0x68 ./drivers/fsl_clock.o
                0x00001cd8                CLOCK_GetOutClkFreq
 .text.CLOCK_GetFllFreq
                0x00001d40       0x84 ./drivers/fsl_clock.o
                0x00001d40                CLOCK_GetFllFreq
 .text.CLOCK_GetInternalRefClkFreq
                0x00001dc4       0x28 ./drivers/fsl_clock.o
                0x00001dc4                CLOCK_GetInternalRefClkFreq
 .text.CLOCK_GetPll0Freq
                0x00001dec       0x70 ./drivers/fsl_clock.o
                0x00001dec                CLOCK_GetPll0Freq
 .text.CLOCK_SetInternalRefClkConfig
                0x00001e5c      0x124 ./drivers/fsl_clock.o
                0x00001e5c                CLOCK_SetInternalRefClkConfig
 .text.CLOCK_EnablePll0
                0x00001f80       0x90 ./drivers/fsl_clock.o
                0x00001f80                CLOCK_EnablePll0
 .text.CLOCK_InitOsc0
                0x00002010       0x94 ./drivers/fsl_clock.o
                0x00002010                CLOCK_InitOsc0
 .text.CLOCK_SetPbeMode
                0x000020a4       0xb0 ./drivers/fsl_clock.o
                0x000020a4                CLOCK_SetPbeMode
 .text.CLOCK_BootToPeeMode
                0x00002154       0x70 ./drivers/fsl_clock.o
                0x00002154                CLOCK_BootToPeeMode
 .text.GPIO_PinInit
                0x000021c4       0x64 ./drivers/fsl_gpio.o
                0x000021c4                GPIO_PinInit
 .text.CLOCK_EnableClock
                0x00002228       0x34 ./drivers/fsl_i2c.o
 .text.I2C_GetInstance
                0x0000225c       0x4c ./drivers/fsl_i2c.o
                0x0000225c                I2C_GetInstance
 .text.I2C_CheckAndClearError
                0x000022a8       0x40 ./drivers/fsl_i2c.o
 .text.I2C_TransferCommonIRQHandler
                0x000022e8       0x54 ./drivers/fsl_i2c.o
 .text.I2C_MasterInit
                0x0000233c       0xfc ./drivers/fsl_i2c.o
                0x0000233c                I2C_MasterInit
 .text.I2C_MasterGetDefaultConfig
                0x00002438       0x40 ./drivers/fsl_i2c.o
                0x00002438                I2C_MasterGetDefaultConfig
 .text.I2C_MasterSetBaudRate
                0x00002478       0xf0 ./drivers/fsl_i2c.o
                0x00002478                I2C_MasterSetBaudRate
 .text.I2C_MasterStart
                0x00002568       0x74 ./drivers/fsl_i2c.o
                0x00002568                I2C_MasterStart
 .text.I2C_MasterRepeatedStart
                0x000025dc       0xbc ./drivers/fsl_i2c.o
                0x000025dc                I2C_MasterRepeatedStart
 .text.I2C_MasterWriteBlocking
                0x00002698       0xec ./drivers/fsl_i2c.o
                0x00002698                I2C_MasterWriteBlocking
 .text.I2C_MasterTransferBlocking
                0x00002784      0x24c ./drivers/fsl_i2c.o
                0x00002784                I2C_MasterTransferBlocking
 .text.I2C0_DriverIRQHandler
                0x000029d0       0x20 ./drivers/fsl_i2c.o
                0x000029d0                I2C0_DriverIRQHandler
 .text.I2C1_DriverIRQHandler
                0x000029f0       0x20 ./drivers/fsl_i2c.o
                0x000029f0                I2C1_DriverIRQHandler
 .text.CLOCK_EnableClock
                0x00002a10       0x34 ./drivers/fsl_lpsci.o
 .text.LPSCI_GetInstance
                0x00002a44       0x48 ./drivers/fsl_lpsci.o
                0x00002a44                LPSCI_GetInstance
 .text.LPSCI_Init
                0x00002a8c      0x270 ./drivers/fsl_lpsci.o
                0x00002a8c                LPSCI_Init
 .text.LPSCI_GetDefaultConfig
                0x00002cfc       0x48 ./drivers/fsl_lpsci.o
                0x00002cfc                LPSCI_GetDefaultConfig
 .text.LPSCI_EnableInterrupts
                0x00002d44       0x58 ./drivers/fsl_lpsci.o
                0x00002d44                LPSCI_EnableInterrupts
 .text.LPSCI_DisableInterrupts
                0x00002d9c       0x64 ./drivers/fsl_lpsci.o
                0x00002d9c                LPSCI_DisableInterrupts
 .text.LPSCI_GetEnabledInterrupts
                0x00002e00       0x38 ./drivers/fsl_lpsci.o
                0x00002e00                LPSCI_GetEnabledInterrupts
 .text.UART0_DriverIRQHandler
                0x00002e38       0x24 ./drivers/fsl_lpsci.o
                0x00002e38                UART0_DriverIRQHandler
 .text.UART_DisableInterrupts
                0x00002e5c       0x64 ./drivers/fsl_uart.o
                0x00002e5c                UART_DisableInterrupts
 .text.UART_GetEnabledInterrupts
                0x00002ec0       0x38 ./drivers/fsl_uart.o
                0x00002ec0                UART_GetEnabledInterrupts
 .text.UART1_DriverIRQHandler
                0x00002ef8       0x24 ./drivers/fsl_uart.o
                0x00002ef8                UART1_DriverIRQHandler
 .text.UART2_DriverIRQHandler
                0x00002f1c       0x24 ./drivers/fsl_uart.o
                0x00002f1c                UART2_DriverIRQHandler
 .text.CLOCK_SetSimSafeDivs
                0x00002f40       0x20 ./board/src/clock_config.o
 .text.CLOCK_SetXtal0Freq
                0x00002f60       0x1c ./board/src/clock_config.o
 .text.CLOCK_CONFIG_SetFllExtRefDiv
                0x00002f7c       0x3c ./board/src/clock_config.o
 .text.BOARD_BootClockRUN
                0x00002fb8       0x64 ./board/src/clock_config.o
                0x00002fb8                BOARD_BootClockRUN
 .text.SystemInit
                0x0000301c       0x1c ./CMSIS/system_MKL46Z4.o
                0x0000301c                SystemInit
 .text.__assertion_failed
                0x00003038       0x4c c:/nxp/mcuxpressoide_11.1.1_3241/ide/plugins/com.nxp.mcuxpresso.tools.win32_11.1.0.202001081728/tools/bin/../lib/gcc/arm-none-eabi/8.3.1/../../../../arm-none-eabi/lib/thumb/v6-m/nofp\libcr_semihost_nf.a(_cr_assert.o)
                0x00003038                __assertion_failed
 .text.__sys_appexit
                0x00003084        0xc c:/nxp/mcuxpressoide_11.1.1_3241/ide/plugins/com.nxp.mcuxpresso.tools.win32_11.1.0.202001081728/tools/bin/../lib/gcc/arm-none-eabi/8.3.1/../../../../arm-none-eabi/lib/thumb/v6-m/nofp\libcr_semihost_nf.a(__sys_appexit.o)
                0x00003084                __sys_appexit
                0x00003084                __exit
 .text._deferredlazyseek
                0x00003090       0x40 c:/nxp/mcuxpressoide_11.1.1_3241/ide/plugins/com.nxp.mcuxpresso.tools.win32_11.1.0.202001081728/tools/bin/../lib/gcc/arm-none-eabi/8.3.1/../../../../arm-none-eabi/lib/thumb/v6-m/nofp\libcr_c.a(_deferredlazyseek.o)
                0x00003090                _deferredlazyseek
 .text.__flsbuf
                0x000030d0      0x14c c:/nxp/mcuxpressoide_11.1.1_3241/ide/plugins/com.nxp.mcuxpresso.tools.win32_11.1.0.202001081728/tools/bin/../lib/gcc/arm-none-eabi/8.3.1/../../../../arm-none-eabi/lib/thumb/v6-m/nofp\libcr_c.a(_deferredlazyseek.o)
                0x000030d0                __flsbuf
 .text._fflush  0x0000321c       0x5c c:/nxp/mcuxpressoide_11.1.1_3241/ide/plugins/com.nxp.mcuxpresso.tools.win32_11.1.0.202001081728/tools/bin/../lib/gcc/arm-none-eabi/8.3.1/../../../../arm-none-eabi/lib/thumb/v6-m/nofp\libcr_c.a(_fflush.o)
                0x0000321c                _fflush
 .text._Cwritebuf
                0x00003278       0x68 c:/nxp/mcuxpressoide_11.1.1_3241/ide/plugins/com.nxp.mcuxpresso.tools.win32_11.1.0.202001081728/tools/bin/../lib/gcc/arm-none-eabi/8.3.1/../../../../arm-none-eabi/lib/thumb/v6-m/nofp\libcr_c.a(_writebuf.o)
                0x00003278                _Cwritebuf
 .text.malloc   0x000032e0       0xcc c:/nxp/mcuxpressoide_11.1.1_3241/ide/plugins/com.nxp.mcuxpresso.tools.win32_11.1.0.202001081728/tools/bin/../lib/gcc/arm-none-eabi/8.3.1/../../../../arm-none-eabi/lib/thumb/v6-m/nofp\libcr_c.a(alloc.o)
                0x000032e0                malloc
 .text._Csys_alloc
                0x000033ac       0x20 c:/nxp/mcuxpressoide_11.1.1_3241/ide/plugins/com.nxp.mcuxpresso.tools.win32_11.1.0.202001081728/tools/bin/../lib/gcc/arm-none-eabi/8.3.1/../../../../arm-none-eabi/lib/thumb/v6-m/nofp\libcr_c.a(alloc.o)
                0x000033ac                _Csys_alloc
 .text.fseek    0x000033cc       0xf0 c:/nxp/mcuxpressoide_11.1.1_3241/ide/plugins/com.nxp.mcuxpresso.tools.win32_11.1.0.202001081728/tools/bin/../lib/gcc/arm-none-eabi/8.3.1/../../../../arm-none-eabi/lib/thumb/v6-m/nofp\libcr_c.a(fseek.o)
                0x000033cc                fseek
 .text.ftell    0x000034bc       0x48 c:/nxp/mcuxpressoide_11.1.1_3241/ide/plugins/com.nxp.mcuxpresso.tools.win32_11.1.0.202001081728/tools/bin/../lib/gcc/arm-none-eabi/8.3.1/../../../../arm-none-eabi/lib/thumb/v6-m/nofp\libcr_c.a(ftell.o)
                0x000034bc                ftell
 .text._initio  0x00003504       0x7c c:/nxp/mcuxpressoide_11.1.1_3241/ide/plugins/com.nxp.mcuxpresso.tools.win32_11.1.0.202001081728/tools/bin/../lib/gcc/arm-none-eabi/8.3.1/../../../../arm-none-eabi/lib/thumb/v6-m/nofp\libcr_c.a(initio.o)
                0x00003504                _initio
 .text.pow      0x00003580      0x548 c:/nxp/mcuxpressoide_11.1.1_3241/ide/plugins/com.nxp.mcuxpresso.tools.win32_11.1.0.202001081728/tools/bin/../lib/gcc/arm-none-eabi/8.3.1/../../../../arm-none-eabi/lib/thumb/v6-m/nofp\libcr_c.a(pow.o)
                0x00003580                pow
 .text.setvbuf  0x00003ac8       0x4c c:/nxp/mcuxpressoide_11.1.1_3241/ide/plugins/com.nxp.mcuxpresso.tools.win32_11.1.0.202001081728/tools/bin/../lib/gcc/arm-none-eabi/8.3.1/../../../../arm-none-eabi/lib/thumb/v6-m/nofp\libcr_c.a(setvbuf.o)
                0x00003ac8                setvbuf
 .text.sqrt     0x00003b14      0x13c c:/nxp/mcuxpressoide_11.1.1_3241/ide/plugins/com.nxp.mcuxpresso.tools.win32_11.1.0.202001081728/tools/bin/../lib/gcc/arm-none-eabi/8.3.1/../../../../arm-none-eabi/lib/thumb/v6-m/nofp\libcr_c.a(sqrt.o)
                0x00003b14                sqrt
 .text.strcmp   0x00003c50       0x44 c:/nxp/mcuxpressoide_11.1.1_3241/ide/plugins/com.nxp.mcuxpresso.tools.win32_11.1.0.202001081728/tools/bin/../lib/gcc/arm-none-eabi/8.3.1/../../../../arm-none-eabi/lib/thumb/v6-m/nofp\libcr_c.a(strcmp.o)
                0x00003c50                strcmp
 .text.strlen   0x00003c94       0x58 c:/nxp/mcuxpressoide_11.1.1_3241/ide/plugins/com.nxp.mcuxpresso.tools.win32_11.1.0.202001081728/tools/bin/../lib/gcc/arm-none-eabi/8.3.1/../../../../arm-none-eabi/lib/thumb/v6-m/nofp\libcr_c.a(strlen.o)
                0x00003c94                strlen
 .text._sbrk    0x00003cec       0x40 c:/nxp/mcuxpressoide_11.1.1_3241/ide/plugins/com.nxp.mcuxpresso.tools.win32_11.1.0.202001081728/tools/bin/../lib/gcc/arm-none-eabi/8.3.1/../../../../arm-none-eabi/lib/thumb/v6-m/nofp\libcr_c.a(_cr_sbrk.o)
                0x00003cec                _sbrk
 .text._fdopen  0x00003d2c       0x74 c:/nxp/mcuxpressoide_11.1.1_3241/ide/plugins/com.nxp.mcuxpresso.tools.win32_11.1.0.202001081728/tools/bin/../lib/gcc/arm-none-eabi/8.3.1/../../../../arm-none-eabi/lib/thumb/v6-m/nofp\libcr_c.a(_fdopen.o)
                0x00003d2c                _fdopen
 .text.fclose   0x00003da0       0x5c c:/nxp/mcuxpressoide_11.1.1_3241/ide/plugins/com.nxp.mcuxpresso.tools.win32_11.1.0.202001081728/tools/bin/../lib/gcc/arm-none-eabi/8.3.1/../../../../arm-none-eabi/lib/thumb/v6-m/nofp\libcr_c.a(fclose.o)
                0x00003da0                fclose
 .text.fflush   0x00003dfc       0x44 c:/nxp/mcuxpressoide_11.1.1_3241/ide/plugins/com.nxp.mcuxpresso.tools.win32_11.1.0.202001081728/tools/bin/../lib/gcc/arm-none-eabi/8.3.1/../../../../arm-none-eabi/lib/thumb/v6-m/nofp\libcr_c.a(fflush.o)
                0x00003dfc                fflush
 .text.frexp    0x00003e40       0x80 c:/nxp/mcuxpressoide_11.1.1_3241/ide/plugins/com.nxp.mcuxpresso.tools.win32_11.1.0.202001081728/tools/bin/../lib/gcc/arm-none-eabi/8.3.1/../../../../arm-none-eabi/lib/thumb/v6-m/nofp\libcr_c.a(frexp.o)
                0x00003e40                frexp
 .text.ldexp    0x00003ec0       0x58 c:/nxp/mcuxpressoide_11.1.1_3241/ide/plugins/com.nxp.mcuxpresso.tools.win32_11.1.0.202001081728/tools/bin/../lib/gcc/arm-none-eabi/8.3.1/../../../../arm-none-eabi/lib/thumb/v6-m/nofp\libcr_c.a(ldexp.o)
                0x00003ec0                ldexp
 .text.__check_heap_overflow
                0x00003f18       0x14 c:/nxp/mcuxpressoide_11.1.1_3241/ide/plugins/com.nxp.mcuxpresso.tools.win32_11.1.0.202001081728/tools/bin/../lib/gcc/arm-none-eabi/8.3.1/../../../../arm-none-eabi/lib/thumb/v6-m/nofp\libcr_c.a(_cr_check_heap.o)
                0x00003f18                __check_heap_overflow
 .text._do_fflush
                0x00003f2c       0x44 c:/nxp/mcuxpressoide_11.1.1_3241/ide/plugins/com.nxp.mcuxpresso.tools.win32_11.1.0.202001081728/tools/bin/../lib/gcc/arm-none-eabi/8.3.1/../../../../arm-none-eabi/lib/thumb/v6-m/nofp\libcr_c.a(_do_fflush.o)
                0x00003f2c                _do_fflush
 .text.__aeabi_dmul
                0x00003f70      0x188 c:/nxp/mcuxpressoide_11.1.1_3241/ide/plugins/com.nxp.mcuxpresso.tools.win32_11.1.0.202001081728/tools/bin/../lib/gcc/arm-none-eabi/8.3.1/thumb/v6-m/nofp\libcr_eabihelpers.a(double.o)
                0x00003f70                __aeabi_dmul
 .text.__aeabi_ddiv
                0x000040f8      0x148 c:/nxp/mcuxpressoide_11.1.1_3241/ide/plugins/com.nxp.mcuxpresso.tools.win32_11.1.0.202001081728/tools/bin/../lib/gcc/arm-none-eabi/8.3.1/thumb/v6-m/nofp\libcr_eabihelpers.a(double.o)
                0x000040f8                __aeabi_ddiv
 .text.__aeabi_dsub
                0x00004240      0x1c4 c:/nxp/mcuxpressoide_11.1.1_3241/ide/plugins/com.nxp.mcuxpresso.tools.win32_11.1.0.202001081728/tools/bin/../lib/gcc/arm-none-eabi/8.3.1/thumb/v6-m/nofp\libcr_eabihelpers.a(double.o)
                0x00004240                __aeabi_dsub
 .text.__aeabi_dadd
                0x00004404      0x12c c:/nxp/mcuxpressoide_11.1.1_3241/ide/plugins/com.nxp.mcuxpresso.tools.win32_11.1.0.202001081728/tools/bin/../lib/gcc/arm-none-eabi/8.3.1/thumb/v6-m/nofp\libcr_eabihelpers.a(double.o)
                0x00004404                __aeabi_dadd
 .text.__aeabi_d2iz
                0x00004530       0x4c c:/nxp/mcuxpressoide_11.1.1_3241/ide/plugins/com.nxp.mcuxpresso.tools.win32_11.1.0.202001081728/tools/bin/../lib/gcc/arm-none-eabi/8.3.1/thumb/v6-m/nofp\libcr_eabihelpers.a(double.o)
                0x00004530                __aeabi_d2iz
 .text.__aeabi_dcmpeq
                0x0000457c       0x30 c:/nxp/mcuxpressoide_11.1.1_3241/ide/plugins/com.nxp.mcuxpresso.tools.win32_11.1.0.202001081728/tools/bin/../lib/gcc/arm-none-eabi/8.3.1/thumb/v6-m/nofp\libcr_eabihelpers.a(double.o)
                0x0000457c                __aeabi_dcmpeq
 .text.__aeabi_dcmplt
                0x000045ac       0x60 c:/nxp/mcuxpressoide_11.1.1_3241/ide/plugins/com.nxp.mcuxpresso.tools.win32_11.1.0.202001081728/tools/bin/../lib/gcc/arm-none-eabi/8.3.1/thumb/v6-m/nofp\libcr_eabihelpers.a(double.o)
                0x000045ac                __aeabi_dcmplt
 .text.__aeabi_dcmpgt
                0x0000460c       0x58 c:/nxp/mcuxpressoide_11.1.1_3241/ide/plugins/com.nxp.mcuxpresso.tools.win32_11.1.0.202001081728/tools/bin/../lib/gcc/arm-none-eabi/8.3.1/thumb/v6-m/nofp\libcr_eabihelpers.a(double.o)
                0x0000460c                __aeabi_dcmpgt
 .text.__aeabi_dcmple
                0x00004664       0x58 c:/nxp/mcuxpressoide_11.1.1_3241/ide/plugins/com.nxp.mcuxpresso.tools.win32_11.1.0.202001081728/tools/bin/../lib/gcc/arm-none-eabi/8.3.1/thumb/v6-m/nofp\libcr_eabihelpers.a(double.o)
                0x00004664                __aeabi_dcmple
 .text.__aeabi_dcmpge
                0x000046bc       0x60 c:/nxp/mcuxpressoide_11.1.1_3241/ide/plugins/com.nxp.mcuxpresso.tools.win32_11.1.0.202001081728/tools/bin/../lib/gcc/arm-none-eabi/8.3.1/thumb/v6-m/nofp\libcr_eabihelpers.a(double.o)
                0x000046bc                __aeabi_dcmpge
 .text.__aeabi_fdiv
                0x0000471c       0xdc c:/nxp/mcuxpressoide_11.1.1_3241/ide/plugins/com.nxp.mcuxpresso.tools.win32_11.1.0.202001081728/tools/bin/../lib/gcc/arm-none-eabi/8.3.1/thumb/v6-m/nofp\libcr_eabihelpers.a(float.o)
                0x0000471c                __aeabi_fdiv
 .text.__aeabi_fsub
                0x000047f8      0x128 c:/nxp/mcuxpressoide_11.1.1_3241/ide/plugins/com.nxp.mcuxpresso.tools.win32_11.1.0.202001081728/tools/bin/../lib/gcc/arm-none-eabi/8.3.1/thumb/v6-m/nofp\libcr_eabihelpers.a(float.o)
                0x000047f8                __aeabi_fsub
 .text.__aeabi_fadd
                0x00004920       0xac c:/nxp/mcuxpressoide_11.1.1_3241/ide/plugins/com.nxp.mcuxpresso.tools.win32_11.1.0.202001081728/tools/bin/../lib/gcc/arm-none-eabi/8.3.1/thumb/v6-m/nofp\libcr_eabihelpers.a(float.o)
                0x00004920                __aeabi_fadd
 .text.GPIO_PinWrite
                0x000049cc       0x34 ./source/SD2_I2C.o
 .text.i2c_release_bus_delay
                0x00004a00       0x26 ./source/SD2_I2C.o
 .text.GPIO_PortSet
                0x00004a26       0x18 ./source/SD2_board.o
 .text.GPIO_PortClear
                0x00004a3e       0x18 ./source/SD2_board.o
 .text.GPIO_PortToggle
                0x00004a56       0x18 ./source/SD2_board.o
 .text.GPIO_PinRead
                0x00004a6e       0x20 ./source/SD2_board.o
 .text.GPIO_ReadPinInput
                0x00004a8e       0x20 ./source/SD2_board.o
 .text.clear_buffer
                0x00004aae       0x46 ./source/ejemploUartRB.o
                0x00004aae                clear_buffer
 .text.insertar
                0x00004af4       0x54 ./source/ejemploUartRB.o
                0x00004af4                insertar
 .text.PORT_ClearPinsInterruptFlags
                0x00004b48       0x1a ./source/mma8451.o
 .text.mma8451_init
                0x00004b62       0xfe ./source/mma8451.o
                0x00004b62                mma8451_init
 .text.mma8451_setDataRate
                0x00004c60       0xa4 ./source/mma8451.o
                0x00004c60                mma8451_setDataRate
 .text.ringBuffer_init
                0x00004d04       0x42 ./source/ringBuffer.o
                0x00004d04                ringBuffer_init
 .text.ringBuffer_putData
                0x00004d46       0x90 ./source/ringBuffer.o
                0x00004d46                ringBuffer_putData
 .text.ringBuffer_getData
                0x00004dd6       0x6c ./source/ringBuffer.o
                0x00004dd6                ringBuffer_getData
 .text.ringBuffer_isFull
                0x00004e42       0x24 ./source/ringBuffer.o
                0x00004e42                ringBuffer_isFull
 .text.ringBuffer_isEmpty
                0x00004e66       0x1e ./source/ringBuffer.o
                0x00004e66                ringBuffer_isEmpty
 .text.EnableIRQ
                0x00004e84       0x30 ./source/uart_ringBufer.o
 .text.LPSCI_WriteByte
                0x00004eb4       0x1e ./source/uart_ringBufer.o
 .text.LPSCI_ReadByte
                0x00004ed2       0x16 ./source/uart_ringBufer.o
 .text.UART_WriteByte
                0x00004ee8       0x1e ./source/uart_ringBufer.o
 .text.UART_ReadByte
                0x00004f06       0x16 ./source/uart_ringBufer.o
 .text.OSC_SetExtRefClkConfig
                0x00004f1c       0x3e ./drivers/fsl_clock.o
 .text.OSC_SetCapLoad
                0x00004f5a       0x42 ./drivers/fsl_clock.o
 .text.CLOCK_GetPll0RefFreq
                0x00004f9c       0x10 ./drivers/fsl_clock.o
 .text.CLOCK_GetFixedFreqClkFreq
                0x00004fac       0x30 ./drivers/fsl_clock.o
                0x00004fac                CLOCK_GetFixedFreqClkFreq
 .text.CLOCK_SetExternalRefClkConfig
                0x00004fdc       0x16 ./drivers/fsl_clock.o
                0x00004fdc                CLOCK_SetExternalRefClkConfig
 .text.GPIO_PinWrite
                0x00004ff2       0x34 ./drivers/fsl_gpio.o
 .text.GPIO_WritePinOutput
                0x00005026       0x24 ./drivers/fsl_gpio.o
 .text.I2C_MasterClearStatusFlags
                0x0000504a       0x56 ./drivers/fsl_i2c.o
 .text.I2C_MasterStop
                0x000050a0       0x36 ./drivers/fsl_i2c.o
                0x000050a0                I2C_MasterStop
 .text.I2C_MasterGetStatusFlags
                0x000050d6       0x4a ./drivers/fsl_i2c.o
                0x000050d6                I2C_MasterGetStatusFlags
 .text.I2C_MasterReadBlocking
                0x00005120       0xea ./drivers/fsl_i2c.o
                0x00005120                I2C_MasterReadBlocking
 .text.LPSCI_GetStatusFlags
                0x0000520a       0x26 ./drivers/fsl_lpsci.o
                0x0000520a                LPSCI_GetStatusFlags
 .text.UART_GetStatusFlags
                0x00005230       0x26 ./drivers/fsl_uart.o
                0x00005230                UART_GetStatusFlags
 .text.SystemInitHook
                0x00005256        0xa ./CMSIS/system_MKL46Z4.o
                0x00005256                SystemInitHook
 .text.__main   0x00005260        0xc c:/nxp/mcuxpressoide_11.1.1_3241/ide/plugins/com.nxp.mcuxpresso.tools.win32_11.1.0.202001081728/tools/bin/../lib/gcc/arm-none-eabi/8.3.1/../../../../arm-none-eabi/lib/thumb/v6-m/nofp\libcr_semihost_nf.a(_cr__main.o)
                0x00005260                __CR_SEMIHOST
                0x00005260                __main
 .text.memset   0x0000526c        0x8 c:/nxp/mcuxpressoide_11.1.1_3241/ide/plugins/com.nxp.mcuxpresso.tools.win32_11.1.0.202001081728/tools/bin/../lib/gcc/arm-none-eabi/8.3.1/../../../../arm-none-eabi/lib/thumb/v6-m/nofp\libcr_c.a(memset.o)
                0x0000526c                memset
 .text.free     0x00005274       0x2c c:/nxp/mcuxpressoide_11.1.1_3241/ide/plugins/com.nxp.mcuxpresso.tools.win32_11.1.0.202001081728/tools/bin/../lib/gcc/arm-none-eabi/8.3.1/../../../../arm-none-eabi/lib/thumb/v6-m/nofp\libcr_c.a(alloc.o)
                0x00005274                free
 .text.fputs    0x000052a0       0x2e c:/nxp/mcuxpressoide_11.1.1_3241/ide/plugins/com.nxp.mcuxpresso.tools.win32_11.1.0.202001081728/tools/bin/../lib/gcc/arm-none-eabi/8.3.1/../../../../arm-none-eabi/lib/thumb/v6-m/nofp\libcr_c.a(fputs.o)
                0x000052a0                fputs
 .text.remove   0x000052ce       0x12 c:/nxp/mcuxpressoide_11.1.1_3241/ide/plugins/com.nxp.mcuxpresso.tools.win32_11.1.0.202001081728/tools/bin/../lib/gcc/arm-none-eabi/8.3.1/../../../../arm-none-eabi/lib/thumb/v6-m/nofp\libcr_c.a(remove.o)
                0x000052ce                remove
 .text.__aeabi_division_idivmod
                0x000052e0       0x78 c:/nxp/mcuxpressoide_11.1.1_3241/ide/plugins/com.nxp.mcuxpresso.tools.win32_11.1.0.202001081728/tools/bin/../lib/gcc/arm-none-eabi/8.3.1/thumb/v6-m/nofp\libcr_eabihelpers.a(division_32.o)
                0x000052e0                __aeabi_idivmod
                0x000052e0                __aeabi_idiv
                0x000052e6                __aeabi_uidivmod
                0x000052e6                __aeabi_uidiv
 .text.__aeabi_division_idiv0
                0x00005358        0x2 c:/nxp/mcuxpressoide_11.1.1_3241/ide/plugins/com.nxp.mcuxpresso.tools.win32_11.1.0.202001081728/tools/bin/../lib/gcc/arm-none-eabi/8.3.1/thumb/v6-m/nofp\libcr_eabihelpers.a(division_idiv0.o)
                0x00005358                __aeabi_idiv0
 .text.__bhs_ui2d
                0x0000535a       0x5e c:/nxp/mcuxpressoide_11.1.1_3241/ide/plugins/com.nxp.mcuxpresso.tools.win32_11.1.0.202001081728/tools/bin/../lib/gcc/arm-none-eabi/8.3.1/thumb/v6-m/nofp\libcr_eabihelpers.a(double.o)
                0x0000535a                __bhs_ui2d
 .text.__aeabi_i2d
                0x000053b8       0x18 c:/nxp/mcuxpressoide_11.1.1_3241/ide/plugins/com.nxp.mcuxpresso.tools.win32_11.1.0.202001081728/tools/bin/../lib/gcc/arm-none-eabi/8.3.1/thumb/v6-m/nofp\libcr_eabihelpers.a(double.o)
                0x000053b8                __aeabi_i2d
 .text.__aeabi_f2uiz
                0x000053d0       0x2a c:/nxp/mcuxpressoide_11.1.1_3241/ide/plugins/com.nxp.mcuxpresso.tools.win32_11.1.0.202001081728/tools/bin/../lib/gcc/arm-none-eabi/8.3.1/thumb/v6-m/nofp\libcr_eabihelpers.a(float.o)
                0x000053d0                __aeabi_f2uiz
 .text.__bhs_ui2f
                0x000053fa       0x62 c:/nxp/mcuxpressoide_11.1.1_3241/ide/plugins/com.nxp.mcuxpresso.tools.win32_11.1.0.202001081728/tools/bin/../lib/gcc/arm-none-eabi/8.3.1/thumb/v6-m/nofp\libcr_eabihelpers.a(float.o)
                0x000053fa                __bhs_ui2f
 .text.__aeabi_i2f
                0x0000545c       0x18 c:/nxp/mcuxpressoide_11.1.1_3241/ide/plugins/com.nxp.mcuxpresso.tools.win32_11.1.0.202001081728/tools/bin/../lib/gcc/arm-none-eabi/8.3.1/thumb/v6-m/nofp\libcr_eabihelpers.a(float.o)
                0x0000545c                __aeabi_i2f
 .text.__aeabi_llong_lmul
                0x00005474       0x2e c:/nxp/mcuxpressoide_11.1.1_3241/ide/plugins/com.nxp.mcuxpresso.tools.win32_11.1.0.202001081728/tools/bin/../lib/gcc/arm-none-eabi/8.3.1/thumb/v6-m/nofp\libcr_eabihelpers.a(llong.o)
                0x00005474                __aeabi_lmul
 .text.__aeabi_memset_lowlevel
                0x000054a2       0x2a c:/nxp/mcuxpressoide_11.1.1_3241/ide/plugins/com.nxp.mcuxpresso.tools.win32_11.1.0.202001081728/tools/bin/../lib/gcc/arm-none-eabi/8.3.1/thumb/v6-m/nofp\libcr_eabihelpers.a(memcpy.o)
                0x000054a2                __aeabi_lowlevel_memset
 .text.__sys_close
                0x000054cc        0xc c:/nxp/mcuxpressoide_11.1.1_3241/ide/plugins/com.nxp.mcuxpresso.tools.win32_11.1.0.202001081728/tools/bin/../lib/gcc/arm-none-eabi/8.3.1/../../../../arm-none-eabi/lib/thumb/v6-m/nofp\libcr_semihost_nf.a(__sys_close.o)
                0x000054cc                __sys_close
 .text.__sys_flen
                0x000054d8        0xc c:/nxp/mcuxpressoide_11.1.1_3241/ide/plugins/com.nxp.mcuxpresso.tools.win32_11.1.0.202001081728/tools/bin/../lib/gcc/arm-none-eabi/8.3.1/../../../../arm-none-eabi/lib/thumb/v6-m/nofp\libcr_semihost_nf.a(__sys_flen.o)
                0x000054d8                __sys_flen
 .text.__sys_istty
                0x000054e4        0xc c:/nxp/mcuxpressoide_11.1.1_3241/ide/plugins/com.nxp.mcuxpresso.tools.win32_11.1.0.202001081728/tools/bin/../lib/gcc/arm-none-eabi/8.3.1/../../../../arm-none-eabi/lib/thumb/v6-m/nofp\libcr_semihost_nf.a(__sys_istty.o)
                0x000054e4                __sys_istty
 .text.__sys_remove
                0x000054f0        0xc c:/nxp/mcuxpressoide_11.1.1_3241/ide/plugins/com.nxp.mcuxpresso.tools.win32_11.1.0.202001081728/tools/bin/../lib/gcc/arm-none-eabi/8.3.1/../../../../arm-none-eabi/lib/thumb/v6-m/nofp\libcr_semihost_nf.a(__sys_remove.o)
                0x000054f0                __sys_remove
 .text.__sys_seek
                0x000054fc        0xc c:/nxp/mcuxpressoide_11.1.1_3241/ide/plugins/com.nxp.mcuxpresso.tools.win32_11.1.0.202001081728/tools/bin/../lib/gcc/arm-none-eabi/8.3.1/../../../../arm-none-eabi/lib/thumb/v6-m/nofp\libcr_semihost_nf.a(__sys_seek.o)
                0x000054fc                __sys_seek
 .text.__sys_tmpnam
                0x00005508        0xc c:/nxp/mcuxpressoide_11.1.1_3241/ide/plugins/com.nxp.mcuxpresso.tools.win32_11.1.0.202001081728/tools/bin/../lib/gcc/arm-none-eabi/8.3.1/../../../../arm-none-eabi/lib/thumb/v6-m/nofp\libcr_semihost_nf.a(__sys_tmpnam.o)
                0x00005508                __sys_tmpnam
 .text.__sys_write
                0x00005514        0xc c:/nxp/mcuxpressoide_11.1.1_3241/ide/plugins/com.nxp.mcuxpresso.tools.win32_11.1.0.202001081728/tools/bin/../lib/gcc/arm-none-eabi/8.3.1/../../../../arm-none-eabi/lib/thumb/v6-m/nofp\libcr_semihost_nf.a(__sys_write.o)
                0x00005514                __sys_write
 *(SORT_BY_ALIGNMENT(.rodata) SORT_BY_ALIGNMENT(.rodata.*) SORT_BY_ALIGNMENT(.constdata) SORT_BY_ALIGNMENT(.constdata.*))
 .rodata.a1.3979
                0x00005520       0x88 c:/nxp/mcuxpressoide_11.1.1_3241/ide/plugins/com.nxp.mcuxpresso.tools.win32_11.1.0.202001081728/tools/bin/../lib/gcc/arm-none-eabi/8.3.1/../../../../arm-none-eabi/lib/thumb/v6-m/nofp\libcr_c.a(pow.o)
 .rodata.a2.3980
                0x000055a8       0x40 c:/nxp/mcuxpressoide_11.1.1_3241/ide/plugins/com.nxp.mcuxpresso.tools.win32_11.1.0.202001081728/tools/bin/../lib/gcc/arm-none-eabi/8.3.1/../../../../arm-none-eabi/lib/thumb/v6-m/nofp\libcr_c.a(pow.o)
 .rodata.PORT_SetPinConfig.str1.4
                0x000055e8       0x23 ./source/SD2_I2C.o
 .rodata.PORT_SetPinConfig.str1.4
                0x0000560b       0x23 ./source/SD2_board.o
 *fill*         0x0000560b        0x1 ff
 .rodata.board_gpioLeds
                0x0000560c       0x24 ./source/SD2_board.o
 .rodata.board_gpioSw
                0x00005630       0x18 ./source/SD2_board.o
 .rodata        0x00005648        0x2 ./source/SD2_board.o
 *fill*         0x0000564a        0x2 ff
 .rodata.mefPrincipal.str1.4
                0x0000564c       0x47 ./source/ejemploUartRB.o
 *fill*         0x00005693        0x1 ff
 .rodata.mefPrincipal
                0x00005694       0x20 ./source/ejemploUartRB.o
 .rodata.PORT_SetPinConfig.str1.4
                0x000056b4       0x23 ./source/mma8451.o
 .rodata.CLOCK_GetMcgExtClkFreq.str1.4
                0x000056b4       0x1f ./drivers/fsl_clock.o
 *fill*         0x000056d3        0x1 ff
 .rodata.CLOCK_GetOsc0ErClkFreq.str1.4
                0x000056d4       0x1f ./drivers/fsl_clock.o
 *fill*         0x000056f3        0x1 ff
 .rodata.CLOCK_GetEr32kClkFreq.str1.4
                0x000056f4       0x20 ./drivers/fsl_clock.o
 .rodata.CLOCK_GetFreq
                0x00005714       0x34 ./drivers/fsl_clock.o
 .rodata.CLOCK_GetPll0Freq.str1.4
                0x00005748       0x1e ./drivers/fsl_clock.o
 *fill*         0x00005766        0x2 ff
 .rodata.CLOCK_EnablePll0.str1.4
                0x00005768       0x1a ./drivers/fsl_clock.o
 *fill*         0x00005782        0x2 ff
 .rodata.CLOCK_SetPbeMode.str1.4
                0x00005784       0x1b ./drivers/fsl_clock.o
 *fill*         0x0000579f        0x1 ff
 .rodata.CLOCK_BootToPeeMode.str1.4
                0x000057a0       0x1b ./drivers/fsl_clock.o
 *fill*         0x000057bb        0x1 ff
 .rodata.fllFactorTable.5423
                0x000057bc       0x10 ./drivers/fsl_clock.o
 .rodata.GPIO_PinInit.str1.4
                0x000057cc       0x19 ./drivers/fsl_gpio.o
 *fill*         0x000057e5        0x3 ff
 .rodata.s_i2cBases
                0x000057e8        0x8 ./drivers/fsl_i2c.o
                0x000057e8                s_i2cBases
 .rodata.s_i2cDividerTable
                0x000057f0       0x80 ./drivers/fsl_i2c.o
 .rodata.s_i2cClocks
                0x00005870        0x8 ./drivers/fsl_i2c.o
 .rodata.I2C_GetInstance.str1.4
                0x00005878       0x33 ./drivers/fsl_i2c.o
 *fill*         0x000058ab        0x1 ff
 .rodata.I2C_MasterInit.str1.4
                0x000058ac       0x2d ./drivers/fsl_i2c.o
 *fill*         0x000058d9        0x3 ff
 .rodata.I2C_MasterGetDefaultConfig.str1.4
                0x000058dc       0x1e ./drivers/fsl_i2c.o
 *fill*         0x000058fa        0x2 ff
 .rodata.I2C_MasterTransferBlocking.str1.4
                0x000058fc       0x17 ./drivers/fsl_i2c.o
 *fill*         0x00005913        0x1 ff
 .rodata.LPSCI_GetInstance.str1.4
                0x00005914       0x37 ./drivers/fsl_lpsci.o
 *fill*         0x0000594b        0x1 ff
 .rodata.LPSCI_Init.str1.4
                0x0000594c       0x44 ./drivers/fsl_lpsci.o
 .rodata.LPSCI_GetDefaultConfig.str1.4
                0x00005990       0x1c ./drivers/fsl_lpsci.o
                                 0x1a (size before relaxing)
 .rodata.mcgConfig_BOARD_BootClockRUN
                0x000059ac        0xa ./board/src/clock_config.o
                0x000059ac                mcgConfig_BOARD_BootClockRUN
 *fill*         0x000059b6        0x2 ff
 .rodata.simConfig_BOARD_BootClockRUN
                0x000059b8        0x8 ./board/src/clock_config.o
                0x000059b8                simConfig_BOARD_BootClockRUN
 .rodata.oscConfig_BOARD_BootClockRUN
                0x000059c0        0x8 ./board/src/clock_config.o
                0x000059c0                oscConfig_BOARD_BootClockRUN
 .rodata.__num_Ciob_streams
                0x000059c8        0x4 c:/nxp/mcuxpressoide_11.1.1_3241/ide/plugins/com.nxp.mcuxpresso.tools.win32_11.1.0.202001081728/tools/bin/../lib/gcc/arm-none-eabi/8.3.1/../../../../arm-none-eabi/lib/thumb/v6-m/nofp\libcr_semihost_nf.a(__ciob.o)
                0x000059c8                __num_Ciob_streams
 .rodata.__assertion_failed.str1.1
                0x000059cc       0x15 c:/nxp/mcuxpressoide_11.1.1_3241/ide/plugins/com.nxp.mcuxpresso.tools.win32_11.1.0.202001081728/tools/bin/../lib/gcc/arm-none-eabi/8.3.1/../../../../arm-none-eabi/lib/thumb/v6-m/nofp\libcr_semihost_nf.a(_cr_assert.o)
 .rodata._Csys_alloc.str1.1
                0x000059e1       0x18 c:/nxp/mcuxpressoide_11.1.1_3241/ide/plugins/com.nxp.mcuxpresso.tools.win32_11.1.0.202001081728/tools/bin/../lib/gcc/arm-none-eabi/8.3.1/../../../../arm-none-eabi/lib/thumb/v6-m/nofp\libcr_c.a(alloc.o)
 .rodata._initio.str1.1
                0x000059f9        0x4 c:/nxp/mcuxpressoide_11.1.1_3241/ide/plugins/com.nxp.mcuxpresso.tools.win32_11.1.0.202001081728/tools/bin/../lib/gcc/arm-none-eabi/8.3.1/../../../../arm-none-eabi/lib/thumb/v6-m/nofp\libcr_c.a(initio.o)
                0x00005a00                . = ALIGN (0x4)
 *fill*         0x000059fd        0x3 ff

.glue_7         0x00005a00        0x0
 .glue_7        0x00005a00        0x0 linker stubs

.glue_7t        0x00005a00        0x0
 .glue_7t       0x00005a00        0x0 linker stubs

.vfp11_veneer   0x00005a00        0x0
 .vfp11_veneer  0x00005a00        0x0 linker stubs

.v4_bx          0x00005a00        0x0
 .v4_bx         0x00005a00        0x0 linker stubs

.iplt           0x00005a00        0x0
 .iplt          0x00005a00        0x0 ./startup/startup_mkl46z4.o

.rel.dyn        0x00005a00        0x0
 .rel.iplt      0x00005a00        0x0 ./startup/startup_mkl46z4.o

.ARM.extab
 *(SORT_BY_ALIGNMENT(.ARM.extab*) SORT_BY_ALIGNMENT(.gnu.linkonce.armextab.*))

.ARM.exidx      0x00005a00        0x0
                0x00005a00                __exidx_start = .
 *(SORT_BY_ALIGNMENT(.ARM.exidx*) SORT_BY_ALIGNMENT(.gnu.linkonce.armexidx.*))
                0x00005a00                __exidx_end = .
                0x00005a00                _etext = .

.m_usb_data
 *(SORT_BY_ALIGNMENT(m_usb_bdt))

.mtb_buffer_default
                0x1fffe000       0x80
 *(SORT_BY_ALIGNMENT(.mtb*))
 .mtb.$RAM1     0x1fffe000       0x80 ./source/mtb.o
                0x1fffe000                __mtb_buffer__

.uninit_RESERVED
                0x1fffe080        0x0
                0x1fffe080                _start_uninit_RESERVED = .
 *(SORT_BY_ALIGNMENT(.bss.$RESERVED*))
                0x1fffe080                . = ALIGN (0x4)
                0x1fffe080                _end_uninit_RESERVED = .

.data           0x1fffe080        0xc load address 0x00005a00
 FILL mask 0xff
                0x1fffe080                _data = .
                [!provide]                PROVIDE (__start_data_RAM = .)
                [!provide]                PROVIDE (__start_data_SRAM = .)
 *(SORT_BY_ALIGNMENT(vtable))
 *(SORT_BY_ALIGNMENT(.ramfunc*))
 *(SORT_BY_ALIGNMENT(CodeQuickAccess))
 *(SORT_BY_ALIGNMENT(DataQuickAccess))
 *(SORT_BY_ALIGNMENT(RamFunction))
 *(SORT_BY_ALIGNMENT(.data*))
 .data.s_slowIrcFreq
                0x1fffe080        0x4 ./drivers/fsl_clock.o
 .data.s_fastIrcFreq
                0x1fffe084        0x4 ./drivers/fsl_clock.o
 .data.SystemCoreClock
                0x1fffe088        0x4 ./CMSIS/system_MKL46Z4.o
                0x1fffe088                SystemCoreClock
                0x1fffe08c                . = ALIGN (0x4)
                0x1fffe08c                _edata = .
                [!provide]                PROVIDE (__end_data_RAM = .)
                [!provide]                PROVIDE (__end_data_SRAM = .)

.igot.plt       0x1fffe08c        0x0 load address 0x00005a0c
 .igot.plt      0x1fffe08c        0x0 ./startup/startup_mkl46z4.o

.bss            0x1fffe08c      0x12c
                0x1fffe08c                _bss = .
                [!provide]                PROVIDE (__start_bss_RAM = .)
                [!provide]                PROVIDE (__start_bss_SRAM = .)
 *(SORT_BY_ALIGNMENT(.bss*))
 .bss.buffer    0x1fffe08c        0x3 ./source/ejemploUartRB.o
                0x1fffe08c                buffer
 *fill*         0x1fffe08f        0x1 
 .bss.buffer_resp
                0x1fffe090       0x14 ./source/ejemploUartRB.o
                0x1fffe090                buffer_resp
 .bss.pRingBufferRx
                0x1fffe0a4        0x4 ./source/uart_ringBufer.o
 .bss.pRingBufferTx
                0x1fffe0a8        0x4 ./source/uart_ringBufer.o
 .bss.pRingBufferRx_UART1
                0x1fffe0ac        0x4 ./source/uart_ringBufer.o
 .bss.pRingBufferTx_UART1
                0x1fffe0b0        0x4 ./source/uart_ringBufer.o
 .bss.g_xtal0Freq
                0x1fffe0b4        0x4 ./drivers/fsl_clock.o
                0x1fffe0b4                g_xtal0Freq
 .bss.g_xtal32Freq
                0x1fffe0b8        0x4 ./drivers/fsl_clock.o
                0x1fffe0b8                g_xtal32Freq
 .bss.s_i2cHandle
                0x1fffe0bc        0x8 ./drivers/fsl_i2c.o
 .bss.s_i2cMasterIsr
                0x1fffe0c4        0x4 ./drivers/fsl_i2c.o
 .bss.s_i2cSlaveIsr
                0x1fffe0c8        0x4 ./drivers/fsl_i2c.o
 .bss.s_lpsciHandle
                0x1fffe0cc        0x4 ./drivers/fsl_lpsci.o
 .bss.s_lpsciIsr
                0x1fffe0d0        0x4 ./drivers/fsl_lpsci.o
 .bss.s_uartHandle
                0x1fffe0d4        0xc ./drivers/fsl_uart.o
 .bss.s_uartIsr
                0x1fffe0e0        0x4 ./drivers/fsl_uart.o
 .bss.__Ciob    0x1fffe0e4       0xb4 c:/nxp/mcuxpressoide_11.1.1_3241/ide/plugins/com.nxp.mcuxpresso.tools.win32_11.1.0.202001081728/tools/bin/../lib/gcc/arm-none-eabi/8.3.1/../../../../arm-none-eabi/lib/thumb/v6-m/nofp\libcr_semihost_nf.a(__ciob.o)
                0x1fffe0e4                __Ciob
 .bss.__end_of_heap
                0x1fffe198        0x4 c:/nxp/mcuxpressoide_11.1.1_3241/ide/plugins/com.nxp.mcuxpresso.tools.win32_11.1.0.202001081728/tools/bin/../lib/gcc/arm-none-eabi/8.3.1/../../../../arm-none-eabi/lib/thumb/v6-m/nofp\libcr_c.a(__init_alloc.o)
                0x1fffe198                __end_of_heap
 .bss.__heaps   0x1fffe19c        0x4 c:/nxp/mcuxpressoide_11.1.1_3241/ide/plugins/com.nxp.mcuxpresso.tools.win32_11.1.0.202001081728/tools/bin/../lib/gcc/arm-none-eabi/8.3.1/../../../../arm-none-eabi/lib/thumb/v6-m/nofp\libcr_c.a(__init_alloc.o)
                0x1fffe19c                __heaps
 .bss.errno     0x1fffe1a0        0x4 c:/nxp/mcuxpressoide_11.1.1_3241/ide/plugins/com.nxp.mcuxpresso.tools.win32_11.1.0.202001081728/tools/bin/../lib/gcc/arm-none-eabi/8.3.1/../../../../arm-none-eabi/lib/thumb/v6-m/nofp\libcr_c.a(errno.o)
                0x1fffe1a0                errno
 .bss.Acc_X     0x1fffe1a4        0x2 ./source/ejemploUartRB.o
                0x1fffe1a4                Acc_X
 .bss.Acc_Y     0x1fffe1a6        0x2 ./source/ejemploUartRB.o
                0x1fffe1a6                Acc_Y
 .bss.Acc_Z     0x1fffe1a8        0x2 ./source/ejemploUartRB.o
                0x1fffe1a8                Acc_Z
 .bss.Acc       0x1fffe1aa        0x2 ./source/ejemploUartRB.o
                0x1fffe1aa                Acc
 .bss.readX     0x1fffe1ac        0x2 ./source/mma8451.o
 .bss.readY     0x1fffe1ae        0x2 ./source/mma8451.o
 .bss.readZ     0x1fffe1b0        0x2 ./source/mma8451.o
 .bss.index_bytes
                0x1fffe1b2        0x1 ./source/ejemploUartRB.o
                0x1fffe1b2                index_bytes
 .bss.dato_recibido
                0x1fffe1b3        0x1 ./source/ejemploUartRB.o
                0x1fffe1b3                dato_recibido
 .bss.fin_trama
                0x1fffe1b4        0x1 ./source/ejemploUartRB.o
                0x1fffe1b4                fin_trama
 .bss.estMefPrincipal.6145
                0x1fffe1b5        0x1 ./source/ejemploUartRB.o
 *(SORT_BY_ALIGNMENT(COMMON))
                0x1fffe1b8                . = ALIGN (0x4)
 *fill*         0x1fffe1b6        0x2 
                0x1fffe1b8                _ebss = .
                [!provide]                PROVIDE (__end_bss_RAM = .)
                [!provide]                PROVIDE (__end_bss_SRAM = .)
                [!provide]                PROVIDE (end = .)

.noinit         0x1fffe1b8        0x0
                0x1fffe1b8                _noinit = .
                [!provide]                PROVIDE (__start_noinit_RAM = .)
                [!provide]                PROVIDE (__start_noinit_SRAM = .)
 *(SORT_BY_ALIGNMENT(.noinit*))
                0x1fffe1b8                . = ALIGN (0x4)
                0x1fffe1b8                _end_noinit = .
                [!provide]                PROVIDE (__end_noinit_RAM = .)
                [!provide]                PROVIDE (__end_noinit_SRAM = .)
                0x00000800                _HeapSize = 0x800

.heap           0x1fffe1b8      0x800
                0x1fffe1b8                _pvHeapStart = .
                0x1fffe9b8                . = (. + _HeapSize)
 *fill*         0x1fffe1b8      0x800 
                0x1fffe9b8                . = ALIGN (0x4)
                0x1fffe9b8                _pvHeapLimit = .
                0x00000800                _StackSize = 0x800

.heap2stackfill
                0x1fffe9b8      0x800
                0x1ffff1b8                . = (. + _StackSize)
 *fill*         0x1fffe9b8      0x800 

.stack          0x20005800        0x0
                0x20005800                _vStackBase = .
                0x20005800                . = ALIGN (0x4)
                0x20006000                _vStackTop = (. + _StackSize)
                0x00000000                _image_start = LOADADDR (.text)
                0x00005a0c                _image_end = (LOADADDR (.data) + SIZEOF (.data))
                0x00005a0c                _image_size = (_image_end - _image_start)
OUTPUT(SD2_TP3_ALLIONE_PINCIROLI.axf elf32-littlearm)

.debug_info     0x00000000     0xc35d
 .debug_info    0x00000000      0x4db ./startup/startup_mkl46z4.o
 .debug_info    0x000004db      0x815 ./source/SD2_I2C.o
 .debug_info    0x00000cf0      0xa18 ./source/SD2_board.o
 .debug_info    0x00001708      0xbd7 ./source/ejemploUartRB.o
 .debug_info    0x000022df     0x1136 ./source/mma8451.o
 .debug_info    0x00003415       0x4f ./source/mtb.o
 .debug_info    0x00003464      0x29d ./source/ringBuffer.o
 .debug_info    0x00003701       0x38 ./source/semihost_hardfault.o
 .debug_info    0x00003739     0x1516 ./source/uart_ringBufer.o
 .debug_info    0x00004c4f     0x1ac4 ./drivers/fsl_clock.o
 .debug_info    0x00006713      0x834 ./drivers/fsl_gpio.o
 .debug_info    0x00006f47     0x1af9 ./drivers/fsl_i2c.o
 .debug_info    0x00008a40     0x1504 ./drivers/fsl_lpsci.o
 .debug_info    0x00009f44     0x14a5 ./drivers/fsl_uart.o
 .debug_info    0x0000b3e9      0xb32 ./board/src/clock_config.o
 .debug_info    0x0000bf1b      0x442 ./CMSIS/system_MKL46Z4.o

.debug_abbrev   0x00000000     0x235c
 .debug_abbrev  0x00000000      0x18a ./startup/startup_mkl46z4.o
 .debug_abbrev  0x0000018a      0x259 ./source/SD2_I2C.o
 .debug_abbrev  0x000003e3      0x2c8 ./source/SD2_board.o
 .debug_abbrev  0x000006ab      0x270 ./source/ejemploUartRB.o
 .debug_abbrev  0x0000091b      0x2ff ./source/mma8451.o
 .debug_abbrev  0x00000c1a       0x43 ./source/mtb.o
 .debug_abbrev  0x00000c5d      0x12d ./source/ringBuffer.o
 .debug_abbrev  0x00000d8a       0x2e ./source/semihost_hardfault.o
 .debug_abbrev  0x00000db8      0x2c6 ./source/uart_ringBufer.o
 .debug_abbrev  0x0000107e      0x360 ./drivers/fsl_clock.o
 .debug_abbrev  0x000013de      0x225 ./drivers/fsl_gpio.o
 .debug_abbrev  0x00001603      0x38b ./drivers/fsl_i2c.o
 .debug_abbrev  0x0000198e      0x322 ./drivers/fsl_lpsci.o
 .debug_abbrev  0x00001cb0      0x322 ./drivers/fsl_uart.o
 .debug_abbrev  0x00001fd2      0x21d ./board/src/clock_config.o
 .debug_abbrev  0x000021ef      0x16d ./CMSIS/system_MKL46Z4.o

.debug_aranges  0x00000000      0xaa8
 .debug_aranges
                0x00000000      0x160 ./startup/startup_mkl46z4.o
 .debug_aranges
                0x00000160       0x50 ./source/SD2_I2C.o
 .debug_aranges
                0x000001b0       0x68 ./source/SD2_board.o
 .debug_aranges
                0x00000218       0x48 ./source/ejemploUartRB.o
 .debug_aranges
                0x00000260       0x98 ./source/mma8451.o
 .debug_aranges
                0x000002f8       0x18 ./source/mtb.o
 .debug_aranges
                0x00000310       0x48 ./source/ringBuffer.o
 .debug_aranges
                0x00000358       0x20 ./source/semihost_hardfault.o
 .debug_aranges
                0x00000378       0xa0 ./source/uart_ringBufer.o
 .debug_aranges
                0x00000418      0x1d8 ./drivers/fsl_clock.o
 .debug_aranges
                0x000005f0       0x78 ./drivers/fsl_gpio.o
 .debug_aranges
                0x00000668      0x178 ./drivers/fsl_i2c.o
 .debug_aranges
                0x000007e0      0x118 ./drivers/fsl_lpsci.o
 .debug_aranges
                0x000008f8      0x130 ./drivers/fsl_uart.o
 .debug_aranges
                0x00000a28       0x50 ./board/src/clock_config.o
 .debug_aranges
                0x00000a78       0x30 ./CMSIS/system_MKL46Z4.o

.debug_ranges   0x00000000      0x9a0
 .debug_ranges  0x00000000      0x150 ./startup/startup_mkl46z4.o
 .debug_ranges  0x00000150       0x40 ./source/SD2_I2C.o
 .debug_ranges  0x00000190       0x58 ./source/SD2_board.o
 .debug_ranges  0x000001e8       0x38 ./source/ejemploUartRB.o
 .debug_ranges  0x00000220       0x88 ./source/mma8451.o
 .debug_ranges  0x000002a8       0x38 ./source/ringBuffer.o
 .debug_ranges  0x000002e0       0x10 ./source/semihost_hardfault.o
 .debug_ranges  0x000002f0       0x90 ./source/uart_ringBufer.o
 .debug_ranges  0x00000380      0x1c8 ./drivers/fsl_clock.o
 .debug_ranges  0x00000548       0x68 ./drivers/fsl_gpio.o
 .debug_ranges  0x000005b0      0x168 ./drivers/fsl_i2c.o
 .debug_ranges  0x00000718      0x108 ./drivers/fsl_lpsci.o
 .debug_ranges  0x00000820      0x120 ./drivers/fsl_uart.o
 .debug_ranges  0x00000940       0x40 ./board/src/clock_config.o
 .debug_ranges  0x00000980       0x20 ./CMSIS/system_MKL46Z4.o

.debug_line     0x00000000     0x630b
 .debug_line    0x00000000      0x1e7 ./startup/startup_mkl46z4.o
 .debug_line    0x000001e7      0x328 ./source/SD2_I2C.o
 .debug_line    0x0000050f      0x375 ./source/SD2_board.o
 .debug_line    0x00000884      0x56f ./source/ejemploUartRB.o
 .debug_line    0x00000df3      0x51e ./source/mma8451.o
 .debug_line    0x00001311       0x30 ./source/mtb.o
 .debug_line    0x00001341      0x26d ./source/ringBuffer.o
 .debug_line    0x000015ae       0x5a ./source/semihost_hardfault.o
 .debug_line    0x00001608      0x5a7 ./source/uart_ringBufer.o
 .debug_line    0x00001baf     0x11eb ./drivers/fsl_clock.o
 .debug_line    0x00002d9a      0x3b6 ./drivers/fsl_gpio.o
 .debug_line    0x00003150     0x12c7 ./drivers/fsl_i2c.o
 .debug_line    0x00004417      0xcc4 ./drivers/fsl_lpsci.o
 .debug_line    0x000050db      0xccf ./drivers/fsl_uart.o
 .debug_line    0x00005daa      0x2a1 ./board/src/clock_config.o
 .debug_line    0x0000604b      0x2c0 ./CMSIS/system_MKL46Z4.o

.debug_str      0x00000000     0x519f
 .debug_str     0x00000000      0x4e7 ./startup/startup_mkl46z4.o
                                0x4fa (size before relaxing)
 .debug_str     0x000004e7      0x7e5 ./source/SD2_I2C.o
                                0x995 (size before relaxing)
 .debug_str     0x00000ccc      0x73d ./source/SD2_board.o
                                0xea3 (size before relaxing)
 .debug_str     0x00001409      0x861 ./source/ejemploUartRB.o
                               0x110b (size before relaxing)
 .debug_str     0x00001c6a      0x539 ./source/mma8451.o
                               0x130c (size before relaxing)
 .debug_str     0x000021a3       0x1f ./source/mtb.o
                                0x18b (size before relaxing)
 .debug_str     0x000021c2       0xa8 ./source/ringBuffer.o
                                0x2e2 (size before relaxing)
 .debug_str     0x0000226a       0x1f ./source/semihost_hardfault.o
                                0x18b (size before relaxing)
 .debug_str     0x00002289      0xa90 ./source/uart_ringBufer.o
                               0x1afe (size before relaxing)
 .debug_str     0x00002d19      0xa68 ./drivers/fsl_clock.o
                               0x1914 (size before relaxing)
 .debug_str     0x00003781       0xd6 ./drivers/fsl_gpio.o
                                0x9de (size before relaxing)
 .debug_str     0x00003857      0xa72 ./drivers/fsl_i2c.o
                               0x18d1 (size before relaxing)
 .debug_str     0x000042c9      0x69f ./drivers/fsl_lpsci.o
                               0x1777 (size before relaxing)
 .debug_str     0x00004968      0x5b3 ./drivers/fsl_uart.o
                               0x177e (size before relaxing)
 .debug_str     0x00004f1b      0x226 ./board/src/clock_config.o
                                0xee9 (size before relaxing)
 .debug_str     0x00005141       0x5e ./CMSIS/system_MKL46Z4.o
                                0x37c (size before relaxing)

.comment        0x00000000       0x76
 .comment       0x00000000       0x76 ./startup/startup_mkl46z4.o
                                 0x77 (size before relaxing)
 .comment       0x00000076       0x77 ./source/SD2_I2C.o
 .comment       0x00000076       0x77 ./source/SD2_board.o
 .comment       0x00000076       0x77 ./source/ejemploUartRB.o
 .comment       0x00000076       0x77 ./source/mma8451.o
 .comment       0x00000076       0x77 ./source/mtb.o
 .comment       0x00000076       0x77 ./source/ringBuffer.o
 .comment       0x00000076       0x77 ./source/semihost_hardfault.o
 .comment       0x00000076       0x77 ./source/uart_ringBufer.o
 .comment       0x00000076       0x77 ./drivers/fsl_clock.o
 .comment       0x00000076       0x77 ./drivers/fsl_gpio.o
 .comment       0x00000076       0x77 ./drivers/fsl_i2c.o
 .comment       0x00000076       0x77 ./drivers/fsl_lpsci.o
 .comment       0x00000076       0x77 ./drivers/fsl_uart.o
 .comment       0x00000076       0x77 ./board/src/clock_config.o
 .comment       0x00000076       0x77 ./CMSIS/system_MKL46Z4.o
 .comment       0x00000076       0x77 c:/nxp/mcuxpressoide_11.1.1_3241/ide/plugins/com.nxp.mcuxpresso.tools.win32_11.1.0.202001081728/tools/bin/../lib/gcc/arm-none-eabi/8.3.1/../../../../arm-none-eabi/lib/thumb/v6-m/nofp\libcr_semihost_nf.a(_cr__main.o)
 .comment       0x00000076       0x77 c:/nxp/mcuxpressoide_11.1.1_3241/ide/plugins/com.nxp.mcuxpresso.tools.win32_11.1.0.202001081728/tools/bin/../lib/gcc/arm-none-eabi/8.3.1/../../../../arm-none-eabi/lib/thumb/v6-m/nofp\libcr_semihost_nf.a(_cr_assert.o)
 .comment       0x00000076       0x77 c:/nxp/mcuxpressoide_11.1.1_3241/ide/plugins/com.nxp.mcuxpresso.tools.win32_11.1.0.202001081728/tools/bin/../lib/gcc/arm-none-eabi/8.3.1/../../../../arm-none-eabi/lib/thumb/v6-m/nofp\libcr_semihost_nf.a(__ciob.o)
 .comment       0x00000076       0x77 c:/nxp/mcuxpressoide_11.1.1_3241/ide/plugins/com.nxp.mcuxpresso.tools.win32_11.1.0.202001081728/tools/bin/../lib/gcc/arm-none-eabi/8.3.1/../../../../arm-none-eabi/lib/thumb/v6-m/nofp\libcr_c.a(memset.o)
 .comment       0x00000076       0x77 c:/nxp/mcuxpressoide_11.1.1_3241/ide/plugins/com.nxp.mcuxpresso.tools.win32_11.1.0.202001081728/tools/bin/../lib/gcc/arm-none-eabi/8.3.1/../../../../arm-none-eabi/lib/thumb/v6-m/nofp\libcr_c.a(_deferredlazyseek.o)
 .comment       0x00000076       0x77 c:/nxp/mcuxpressoide_11.1.1_3241/ide/plugins/com.nxp.mcuxpresso.tools.win32_11.1.0.202001081728/tools/bin/../lib/gcc/arm-none-eabi/8.3.1/../../../../arm-none-eabi/lib/thumb/v6-m/nofp\libcr_c.a(_fflush.o)
 .comment       0x00000076       0x77 c:/nxp/mcuxpressoide_11.1.1_3241/ide/plugins/com.nxp.mcuxpresso.tools.win32_11.1.0.202001081728/tools/bin/../lib/gcc/arm-none-eabi/8.3.1/../../../../arm-none-eabi/lib/thumb/v6-m/nofp\libcr_c.a(_writebuf.o)
 .comment       0x00000076       0x77 c:/nxp/mcuxpressoide_11.1.1_3241/ide/plugins/com.nxp.mcuxpresso.tools.win32_11.1.0.202001081728/tools/bin/../lib/gcc/arm-none-eabi/8.3.1/../../../../arm-none-eabi/lib/thumb/v6-m/nofp\libcr_c.a(alloc.o)
 .comment       0x00000076       0x77 c:/nxp/mcuxpressoide_11.1.1_3241/ide/plugins/com.nxp.mcuxpresso.tools.win32_11.1.0.202001081728/tools/bin/../lib/gcc/arm-none-eabi/8.3.1/../../../../arm-none-eabi/lib/thumb/v6-m/nofp\libcr_c.a(fputs.o)
 .comment       0x00000076       0x77 c:/nxp/mcuxpressoide_11.1.1_3241/ide/plugins/com.nxp.mcuxpresso.tools.win32_11.1.0.202001081728/tools/bin/../lib/gcc/arm-none-eabi/8.3.1/../../../../arm-none-eabi/lib/thumb/v6-m/nofp\libcr_c.a(fseek.o)
 .comment       0x00000076       0x77 c:/nxp/mcuxpressoide_11.1.1_3241/ide/plugins/com.nxp.mcuxpresso.tools.win32_11.1.0.202001081728/tools/bin/../lib/gcc/arm-none-eabi/8.3.1/../../../../arm-none-eabi/lib/thumb/v6-m/nofp\libcr_c.a(ftell.o)
 .comment       0x00000076       0x77 c:/nxp/mcuxpressoide_11.1.1_3241/ide/plugins/com.nxp.mcuxpresso.tools.win32_11.1.0.202001081728/tools/bin/../lib/gcc/arm-none-eabi/8.3.1/../../../../arm-none-eabi/lib/thumb/v6-m/nofp\libcr_c.a(initio.o)
 .comment       0x00000076       0x77 c:/nxp/mcuxpressoide_11.1.1_3241/ide/plugins/com.nxp.mcuxpresso.tools.win32_11.1.0.202001081728/tools/bin/../lib/gcc/arm-none-eabi/8.3.1/../../../../arm-none-eabi/lib/thumb/v6-m/nofp\libcr_c.a(pow.o)
 .comment       0x00000076       0x77 c:/nxp/mcuxpressoide_11.1.1_3241/ide/plugins/com.nxp.mcuxpresso.tools.win32_11.1.0.202001081728/tools/bin/../lib/gcc/arm-none-eabi/8.3.1/../../../../arm-none-eabi/lib/thumb/v6-m/nofp\libcr_c.a(setvbuf.o)
 .comment       0x00000076       0x77 c:/nxp/mcuxpressoide_11.1.1_3241/ide/plugins/com.nxp.mcuxpresso.tools.win32_11.1.0.202001081728/tools/bin/../lib/gcc/arm-none-eabi/8.3.1/../../../../arm-none-eabi/lib/thumb/v6-m/nofp\libcr_c.a(sqrt.o)
 .comment       0x00000076       0x77 c:/nxp/mcuxpressoide_11.1.1_3241/ide/plugins/com.nxp.mcuxpresso.tools.win32_11.1.0.202001081728/tools/bin/../lib/gcc/arm-none-eabi/8.3.1/../../../../arm-none-eabi/lib/thumb/v6-m/nofp\libcr_c.a(strcmp.o)
 .comment       0x00000076       0x77 c:/nxp/mcuxpressoide_11.1.1_3241/ide/plugins/com.nxp.mcuxpresso.tools.win32_11.1.0.202001081728/tools/bin/../lib/gcc/arm-none-eabi/8.3.1/../../../../arm-none-eabi/lib/thumb/v6-m/nofp\libcr_c.a(strlen.o)
 .comment       0x00000076       0x77 c:/nxp/mcuxpressoide_11.1.1_3241/ide/plugins/com.nxp.mcuxpresso.tools.win32_11.1.0.202001081728/tools/bin/../lib/gcc/arm-none-eabi/8.3.1/../../../../arm-none-eabi/lib/thumb/v6-m/nofp\libcr_c.a(__init_alloc.o)
 .comment       0x00000076       0x77 c:/nxp/mcuxpressoide_11.1.1_3241/ide/plugins/com.nxp.mcuxpresso.tools.win32_11.1.0.202001081728/tools/bin/../lib/gcc/arm-none-eabi/8.3.1/../../../../arm-none-eabi/lib/thumb/v6-m/nofp\libcr_c.a(_cr_sbrk.o)
 .comment       0x00000076       0x77 c:/nxp/mcuxpressoide_11.1.1_3241/ide/plugins/com.nxp.mcuxpresso.tools.win32_11.1.0.202001081728/tools/bin/../lib/gcc/arm-none-eabi/8.3.1/../../../../arm-none-eabi/lib/thumb/v6-m/nofp\libcr_c.a(_fdopen.o)
 .comment       0x00000076       0x77 c:/nxp/mcuxpressoide_11.1.1_3241/ide/plugins/com.nxp.mcuxpresso.tools.win32_11.1.0.202001081728/tools/bin/../lib/gcc/arm-none-eabi/8.3.1/../../../../arm-none-eabi/lib/thumb/v6-m/nofp\libcr_c.a(errno.o)
 .comment       0x00000076       0x77 c:/nxp/mcuxpressoide_11.1.1_3241/ide/plugins/com.nxp.mcuxpresso.tools.win32_11.1.0.202001081728/tools/bin/../lib/gcc/arm-none-eabi/8.3.1/../../../../arm-none-eabi/lib/thumb/v6-m/nofp\libcr_c.a(fclose.o)
 .comment       0x00000076       0x77 c:/nxp/mcuxpressoide_11.1.1_3241/ide/plugins/com.nxp.mcuxpresso.tools.win32_11.1.0.202001081728/tools/bin/../lib/gcc/arm-none-eabi/8.3.1/../../../../arm-none-eabi/lib/thumb/v6-m/nofp\libcr_c.a(fflush.o)
 .comment       0x00000076       0x77 c:/nxp/mcuxpressoide_11.1.1_3241/ide/plugins/com.nxp.mcuxpresso.tools.win32_11.1.0.202001081728/tools/bin/../lib/gcc/arm-none-eabi/8.3.1/../../../../arm-none-eabi/lib/thumb/v6-m/nofp\libcr_c.a(frexp.o)
 .comment       0x00000076       0x77 c:/nxp/mcuxpressoide_11.1.1_3241/ide/plugins/com.nxp.mcuxpresso.tools.win32_11.1.0.202001081728/tools/bin/../lib/gcc/arm-none-eabi/8.3.1/../../../../arm-none-eabi/lib/thumb/v6-m/nofp\libcr_c.a(ldexp.o)
 .comment       0x00000076       0x77 c:/nxp/mcuxpressoide_11.1.1_3241/ide/plugins/com.nxp.mcuxpresso.tools.win32_11.1.0.202001081728/tools/bin/../lib/gcc/arm-none-eabi/8.3.1/../../../../arm-none-eabi/lib/thumb/v6-m/nofp\libcr_c.a(remove.o)
 .comment       0x00000076       0x77 c:/nxp/mcuxpressoide_11.1.1_3241/ide/plugins/com.nxp.mcuxpresso.tools.win32_11.1.0.202001081728/tools/bin/../lib/gcc/arm-none-eabi/8.3.1/../../../../arm-none-eabi/lib/thumb/v6-m/nofp\libcr_c.a(_cr_check_heap.o)
 .comment       0x00000076       0x77 c:/nxp/mcuxpressoide_11.1.1_3241/ide/plugins/com.nxp.mcuxpresso.tools.win32_11.1.0.202001081728/tools/bin/../lib/gcc/arm-none-eabi/8.3.1/../../../../arm-none-eabi/lib/thumb/v6-m/nofp\libcr_c.a(_do_fflush.o)
 .comment       0x00000076       0x77 c:/nxp/mcuxpressoide_11.1.1_3241/ide/plugins/com.nxp.mcuxpresso.tools.win32_11.1.0.202001081728/tools/bin/../lib/gcc/arm-none-eabi/8.3.1/thumb/v6-m/nofp\libcr_eabihelpers.a(double.o)
 .comment       0x00000076       0x77 c:/nxp/mcuxpressoide_11.1.1_3241/ide/plugins/com.nxp.mcuxpresso.tools.win32_11.1.0.202001081728/tools/bin/../lib/gcc/arm-none-eabi/8.3.1/thumb/v6-m/nofp\libcr_eabihelpers.a(float.o)

.ARM.attributes
                0x00000000       0x2a
 .ARM.attributes
                0x00000000       0x2c ./startup/startup_mkl46z4.o
 .ARM.attributes
                0x0000002c       0x2c ./source/SD2_I2C.o
 .ARM.attributes
                0x00000058       0x2c ./source/SD2_board.o
 .ARM.attributes
                0x00000084       0x2c ./source/ejemploUartRB.o
 .ARM.attributes
                0x000000b0       0x2c ./source/mma8451.o
 .ARM.attributes
                0x000000dc       0x32 ./source/mtb.o
 .ARM.attributes
                0x0000010e       0x2c ./source/ringBuffer.o
 .ARM.attributes
                0x0000013a       0x2c ./source/semihost_hardfault.o
 .ARM.attributes
                0x00000166       0x2c ./source/uart_ringBufer.o
 .ARM.attributes
                0x00000192       0x2c ./drivers/fsl_clock.o
 .ARM.attributes
                0x000001be       0x2c ./drivers/fsl_gpio.o
 .ARM.attributes
                0x000001ea       0x2c ./drivers/fsl_i2c.o
 .ARM.attributes
                0x00000216       0x2c ./drivers/fsl_lpsci.o
 .ARM.attributes
                0x00000242       0x2c ./drivers/fsl_uart.o
 .ARM.attributes
                0x0000026e       0x2c ./board/src/clock_config.o
 .ARM.attributes
                0x0000029a       0x2c ./CMSIS/system_MKL46Z4.o
 .ARM.attributes
                0x000002c6       0x2c c:/nxp/mcuxpressoide_11.1.1_3241/ide/plugins/com.nxp.mcuxpresso.tools.win32_11.1.0.202001081728/tools/bin/../lib/gcc/arm-none-eabi/8.3.1/../../../../arm-none-eabi/lib/thumb/v6-m/nofp\libcr_semihost_nf.a(_cr__main.o)
 .ARM.attributes
                0x000002f2       0x2c c:/nxp/mcuxpressoide_11.1.1_3241/ide/plugins/com.nxp.mcuxpresso.tools.win32_11.1.0.202001081728/tools/bin/../lib/gcc/arm-none-eabi/8.3.1/../../../../arm-none-eabi/lib/thumb/v6-m/nofp\libcr_semihost_nf.a(_cr_assert.o)
 .ARM.attributes
                0x0000031e       0x31 c:/nxp/mcuxpressoide_11.1.1_3241/ide/plugins/com.nxp.mcuxpresso.tools.win32_11.1.0.202001081728/tools/bin/../lib/gcc/arm-none-eabi/8.3.1/../../../../arm-none-eabi/lib/thumb/v6-m/nofp\libcr_semihost_nf.a(__ciob.o)
 .ARM.attributes
                0x0000034f       0x1c c:/nxp/mcuxpressoide_11.1.1_3241/ide/plugins/com.nxp.mcuxpresso.tools.win32_11.1.0.202001081728/tools/bin/../lib/gcc/arm-none-eabi/8.3.1/../../../../arm-none-eabi/lib/thumb/v6-m/nofp\libcr_semihost_nf.a(__sys_appexit.o)
 .ARM.attributes
                0x0000036b       0x2c c:/nxp/mcuxpressoide_11.1.1_3241/ide/plugins/com.nxp.mcuxpresso.tools.win32_11.1.0.202001081728/tools/bin/../lib/gcc/arm-none-eabi/8.3.1/../../../../arm-none-eabi/lib/thumb/v6-m/nofp\libcr_c.a(memset.o)
 .ARM.attributes
                0x00000397       0x2c c:/nxp/mcuxpressoide_11.1.1_3241/ide/plugins/com.nxp.mcuxpresso.tools.win32_11.1.0.202001081728/tools/bin/../lib/gcc/arm-none-eabi/8.3.1/../../../../arm-none-eabi/lib/thumb/v6-m/nofp\libcr_c.a(_deferredlazyseek.o)
 .ARM.attributes
                0x000003c3       0x2c c:/nxp/mcuxpressoide_11.1.1_3241/ide/plugins/com.nxp.mcuxpresso.tools.win32_11.1.0.202001081728/tools/bin/../lib/gcc/arm-none-eabi/8.3.1/../../../../arm-none-eabi/lib/thumb/v6-m/nofp\libcr_c.a(_fflush.o)
 .ARM.attributes
                0x000003ef       0x2c c:/nxp/mcuxpressoide_11.1.1_3241/ide/plugins/com.nxp.mcuxpresso.tools.win32_11.1.0.202001081728/tools/bin/../lib/gcc/arm-none-eabi/8.3.1/../../../../arm-none-eabi/lib/thumb/v6-m/nofp\libcr_c.a(_writebuf.o)
 .ARM.attributes
                0x0000041b       0x2c c:/nxp/mcuxpressoide_11.1.1_3241/ide/plugins/com.nxp.mcuxpresso.tools.win32_11.1.0.202001081728/tools/bin/../lib/gcc/arm-none-eabi/8.3.1/../../../../arm-none-eabi/lib/thumb/v6-m/nofp\libcr_c.a(alloc.o)
 .ARM.attributes
                0x00000447       0x2c c:/nxp/mcuxpressoide_11.1.1_3241/ide/plugins/com.nxp.mcuxpresso.tools.win32_11.1.0.202001081728/tools/bin/../lib/gcc/arm-none-eabi/8.3.1/../../../../arm-none-eabi/lib/thumb/v6-m/nofp\libcr_c.a(fputs.o)
 .ARM.attributes
                0x00000473       0x2c c:/nxp/mcuxpressoide_11.1.1_3241/ide/plugins/com.nxp.mcuxpresso.tools.win32_11.1.0.202001081728/tools/bin/../lib/gcc/arm-none-eabi/8.3.1/../../../../arm-none-eabi/lib/thumb/v6-m/nofp\libcr_c.a(fseek.o)
 .ARM.attributes
                0x0000049f       0x2c c:/nxp/mcuxpressoide_11.1.1_3241/ide/plugins/com.nxp.mcuxpresso.tools.win32_11.1.0.202001081728/tools/bin/../lib/gcc/arm-none-eabi/8.3.1/../../../../arm-none-eabi/lib/thumb/v6-m/nofp\libcr_c.a(ftell.o)
 .ARM.attributes
                0x000004cb       0x2c c:/nxp/mcuxpressoide_11.1.1_3241/ide/plugins/com.nxp.mcuxpresso.tools.win32_11.1.0.202001081728/tools/bin/../lib/gcc/arm-none-eabi/8.3.1/../../../../arm-none-eabi/lib/thumb/v6-m/nofp\libcr_c.a(initio.o)
 .ARM.attributes
                0x000004f7       0x2c c:/nxp/mcuxpressoide_11.1.1_3241/ide/plugins/com.nxp.mcuxpresso.tools.win32_11.1.0.202001081728/tools/bin/../lib/gcc/arm-none-eabi/8.3.1/../../../../arm-none-eabi/lib/thumb/v6-m/nofp\libcr_c.a(pow.o)
 .ARM.attributes
                0x00000523       0x2c c:/nxp/mcuxpressoide_11.1.1_3241/ide/plugins/com.nxp.mcuxpresso.tools.win32_11.1.0.202001081728/tools/bin/../lib/gcc/arm-none-eabi/8.3.1/../../../../arm-none-eabi/lib/thumb/v6-m/nofp\libcr_c.a(setvbuf.o)
 .ARM.attributes
                0x0000054f       0x2c c:/nxp/mcuxpressoide_11.1.1_3241/ide/plugins/com.nxp.mcuxpresso.tools.win32_11.1.0.202001081728/tools/bin/../lib/gcc/arm-none-eabi/8.3.1/../../../../arm-none-eabi/lib/thumb/v6-m/nofp\libcr_c.a(sqrt.o)
 .ARM.attributes
                0x0000057b       0x2c c:/nxp/mcuxpressoide_11.1.1_3241/ide/plugins/com.nxp.mcuxpresso.tools.win32_11.1.0.202001081728/tools/bin/../lib/gcc/arm-none-eabi/8.3.1/../../../../arm-none-eabi/lib/thumb/v6-m/nofp\libcr_c.a(strcmp.o)
 .ARM.attributes
                0x000005a7       0x2c c:/nxp/mcuxpressoide_11.1.1_3241/ide/plugins/com.nxp.mcuxpresso.tools.win32_11.1.0.202001081728/tools/bin/../lib/gcc/arm-none-eabi/8.3.1/../../../../arm-none-eabi/lib/thumb/v6-m/nofp\libcr_c.a(strlen.o)
 .ARM.attributes
                0x000005d3       0x2c c:/nxp/mcuxpressoide_11.1.1_3241/ide/plugins/com.nxp.mcuxpresso.tools.win32_11.1.0.202001081728/tools/bin/../lib/gcc/arm-none-eabi/8.3.1/../../../../arm-none-eabi/lib/thumb/v6-m/nofp\libcr_c.a(__init_alloc.o)
 .ARM.attributes
                0x000005ff       0x2c c:/nxp/mcuxpressoide_11.1.1_3241/ide/plugins/com.nxp.mcuxpresso.tools.win32_11.1.0.202001081728/tools/bin/../lib/gcc/arm-none-eabi/8.3.1/../../../../arm-none-eabi/lib/thumb/v6-m/nofp\libcr_c.a(_cr_sbrk.o)
 .ARM.attributes
                0x0000062b       0x2c c:/nxp/mcuxpressoide_11.1.1_3241/ide/plugins/com.nxp.mcuxpresso.tools.win32_11.1.0.202001081728/tools/bin/../lib/gcc/arm-none-eabi/8.3.1/../../../../arm-none-eabi/lib/thumb/v6-m/nofp\libcr_c.a(_fdopen.o)
 .ARM.attributes
                0x00000657       0x31 c:/nxp/mcuxpressoide_11.1.1_3241/ide/plugins/com.nxp.mcuxpresso.tools.win32_11.1.0.202001081728/tools/bin/../lib/gcc/arm-none-eabi/8.3.1/../../../../arm-none-eabi/lib/thumb/v6-m/nofp\libcr_c.a(errno.o)
 .ARM.attributes
                0x00000688       0x2c c:/nxp/mcuxpressoide_11.1.1_3241/ide/plugins/com.nxp.mcuxpresso.tools.win32_11.1.0.202001081728/tools/bin/../lib/gcc/arm-none-eabi/8.3.1/../../../../arm-none-eabi/lib/thumb/v6-m/nofp\libcr_c.a(fclose.o)
 .ARM.attributes
                0x000006b4       0x2c c:/nxp/mcuxpressoide_11.1.1_3241/ide/plugins/com.nxp.mcuxpresso.tools.win32_11.1.0.202001081728/tools/bin/../lib/gcc/arm-none-eabi/8.3.1/../../../../arm-none-eabi/lib/thumb/v6-m/nofp\libcr_c.a(fflush.o)
 .ARM.attributes
                0x000006e0       0x2c c:/nxp/mcuxpressoide_11.1.1_3241/ide/plugins/com.nxp.mcuxpresso.tools.win32_11.1.0.202001081728/tools/bin/../lib/gcc/arm-none-eabi/8.3.1/../../../../arm-none-eabi/lib/thumb/v6-m/nofp\libcr_c.a(frexp.o)
 .ARM.attributes
                0x0000070c       0x2c c:/nxp/mcuxpressoide_11.1.1_3241/ide/plugins/com.nxp.mcuxpresso.tools.win32_11.1.0.202001081728/tools/bin/../lib/gcc/arm-none-eabi/8.3.1/../../../../arm-none-eabi/lib/thumb/v6-m/nofp\libcr_c.a(ldexp.o)
 .ARM.attributes
                0x00000738       0x2c c:/nxp/mcuxpressoide_11.1.1_3241/ide/plugins/com.nxp.mcuxpresso.tools.win32_11.1.0.202001081728/tools/bin/../lib/gcc/arm-none-eabi/8.3.1/../../../../arm-none-eabi/lib/thumb/v6-m/nofp\libcr_c.a(remove.o)
 .ARM.attributes
                0x00000764       0x2c c:/nxp/mcuxpressoide_11.1.1_3241/ide/plugins/com.nxp.mcuxpresso.tools.win32_11.1.0.202001081728/tools/bin/../lib/gcc/arm-none-eabi/8.3.1/../../../../arm-none-eabi/lib/thumb/v6-m/nofp\libcr_c.a(_cr_check_heap.o)
 .ARM.attributes
                0x00000790       0x2c c:/nxp/mcuxpressoide_11.1.1_3241/ide/plugins/com.nxp.mcuxpresso.tools.win32_11.1.0.202001081728/tools/bin/../lib/gcc/arm-none-eabi/8.3.1/../../../../arm-none-eabi/lib/thumb/v6-m/nofp\libcr_c.a(_do_fflush.o)
 .ARM.attributes
                0x000007bc       0x1c c:/nxp/mcuxpressoide_11.1.1_3241/ide/plugins/com.nxp.mcuxpresso.tools.win32_11.1.0.202001081728/tools/bin/../lib/gcc/arm-none-eabi/8.3.1/thumb/v6-m/nofp\libcr_eabihelpers.a(division_32.o)
 .ARM.attributes
                0x000007d8       0x1c c:/nxp/mcuxpressoide_11.1.1_3241/ide/plugins/com.nxp.mcuxpresso.tools.win32_11.1.0.202001081728/tools/bin/../lib/gcc/arm-none-eabi/8.3.1/thumb/v6-m/nofp\libcr_eabihelpers.a(division_idiv0.o)
 .ARM.attributes
                0x000007f4       0x2c c:/nxp/mcuxpressoide_11.1.1_3241/ide/plugins/com.nxp.mcuxpresso.tools.win32_11.1.0.202001081728/tools/bin/../lib/gcc/arm-none-eabi/8.3.1/thumb/v6-m/nofp\libcr_eabihelpers.a(double.o)
 .ARM.attributes
                0x00000820       0x2c c:/nxp/mcuxpressoide_11.1.1_3241/ide/plugins/com.nxp.mcuxpresso.tools.win32_11.1.0.202001081728/tools/bin/../lib/gcc/arm-none-eabi/8.3.1/thumb/v6-m/nofp\libcr_eabihelpers.a(float.o)
 .ARM.attributes
                0x0000084c       0x1c c:/nxp/mcuxpressoide_11.1.1_3241/ide/plugins/com.nxp.mcuxpresso.tools.win32_11.1.0.202001081728/tools/bin/../lib/gcc/arm-none-eabi/8.3.1/thumb/v6-m/nofp\libcr_eabihelpers.a(llong.o)
 .ARM.attributes
                0x00000868       0x1c c:/nxp/mcuxpressoide_11.1.1_3241/ide/plugins/com.nxp.mcuxpresso.tools.win32_11.1.0.202001081728/tools/bin/../lib/gcc/arm-none-eabi/8.3.1/thumb/v6-m/nofp\libcr_eabihelpers.a(memcpy.o)
 .ARM.attributes
                0x00000884       0x1c c:/nxp/mcuxpressoide_11.1.1_3241/ide/plugins/com.nxp.mcuxpresso.tools.win32_11.1.0.202001081728/tools/bin/../lib/gcc/arm-none-eabi/8.3.1/../../../../arm-none-eabi/lib/thumb/v6-m/nofp\libcr_semihost_nf.a(__sys_close.o)
 .ARM.attributes
                0x000008a0       0x1c c:/nxp/mcuxpressoide_11.1.1_3241/ide/plugins/com.nxp.mcuxpresso.tools.win32_11.1.0.202001081728/tools/bin/../lib/gcc/arm-none-eabi/8.3.1/../../../../arm-none-eabi/lib/thumb/v6-m/nofp\libcr_semihost_nf.a(__sys_flen.o)
 .ARM.attributes
                0x000008bc       0x1c c:/nxp/mcuxpressoide_11.1.1_3241/ide/plugins/com.nxp.mcuxpresso.tools.win32_11.1.0.202001081728/tools/bin/../lib/gcc/arm-none-eabi/8.3.1/../../../../arm-none-eabi/lib/thumb/v6-m/nofp\libcr_semihost_nf.a(__sys_istty.o)
 .ARM.attributes
                0x000008d8       0x1c c:/nxp/mcuxpressoide_11.1.1_3241/ide/plugins/com.nxp.mcuxpresso.tools.win32_11.1.0.202001081728/tools/bin/../lib/gcc/arm-none-eabi/8.3.1/../../../../arm-none-eabi/lib/thumb/v6-m/nofp\libcr_semihost_nf.a(__sys_remove.o)
 .ARM.attributes
                0x000008f4       0x1c c:/nxp/mcuxpressoide_11.1.1_3241/ide/plugins/com.nxp.mcuxpresso.tools.win32_11.1.0.202001081728/tools/bin/../lib/gcc/arm-none-eabi/8.3.1/../../../../arm-none-eabi/lib/thumb/v6-m/nofp\libcr_semihost_nf.a(__sys_seek.o)
 .ARM.attributes
                0x00000910       0x1c c:/nxp/mcuxpressoide_11.1.1_3241/ide/plugins/com.nxp.mcuxpresso.tools.win32_11.1.0.202001081728/tools/bin/../lib/gcc/arm-none-eabi/8.3.1/../../../../arm-none-eabi/lib/thumb/v6-m/nofp\libcr_semihost_nf.a(__sys_tmpnam.o)
 .ARM.attributes
                0x0000092c       0x1c c:/nxp/mcuxpressoide_11.1.1_3241/ide/plugins/com.nxp.mcuxpresso.tools.win32_11.1.0.202001081728/tools/bin/../lib/gcc/arm-none-eabi/8.3.1/../../../../arm-none-eabi/lib/thumb/v6-m/nofp\libcr_semihost_nf.a(__sys_write.o)

.debug_frame    0x00000000     0x23b0
 .debug_frame   0x00000000      0x3b0 ./startup/startup_mkl46z4.o
 .debug_frame   0x000003b0       0xf0 ./source/SD2_I2C.o
 .debug_frame   0x000004a0      0x150 ./source/SD2_board.o
 .debug_frame   0x000005f0       0xd0 ./source/ejemploUartRB.o
 .debug_frame   0x000006c0      0x208 ./source/mma8451.o
 .debug_frame   0x000008c8       0xd0 ./source/ringBuffer.o
 .debug_frame   0x00000998       0x20 ./source/semihost_hardfault.o
 .debug_frame   0x000009b8      0x230 ./source/uart_ringBufer.o
 .debug_frame   0x00000be8      0x6e0 ./drivers/fsl_clock.o
 .debug_frame   0x000012c8      0x190 ./drivers/fsl_gpio.o
 .debug_frame   0x00001458      0x58c ./drivers/fsl_i2c.o
 .debug_frame   0x000019e4      0x418 ./drivers/fsl_lpsci.o
 .debug_frame   0x00001dfc      0x468 ./drivers/fsl_uart.o
 .debug_frame   0x00002264       0xe4 ./board/src/clock_config.o
 .debug_frame   0x00002348       0x68 ./CMSIS/system_MKL46Z4.o
